2026-09-19 15:58:42  INFO     Portfolio sim: $1000 start, 1 trade at a time, 100% of equity each entry, compound
2026-09-19 15:58:42  INFO     Combos: dip 4/5%, 4sess, waits [30, 60, 120, 180, 240, 300], ±1.5%, TP5/SL4, timeout 2 calendar days
2026-09-19 15:58:42  INFO     Fees 0.60% RT. Symbols 13: INTC, MU, MRVL, AMD, SNDK, HPE, DELL, ARM, IBM, TXN, QCOM, AVGO, ORCL
2026-09-19 15:58:42  INFO     INTC: cache hit INTC_5m_1782394200000_1789761300000.json (4,680 bars)
2026-09-19 15:58:42  INFO     [1/13] INTC: 4,680 bars from INTC_5m_1782394200000_1789761300000.json
2026-09-19 15:58:42  INFO     MU: cache hit MU_5m_1782394200000_1789761300000.json (4,680 bars)
2026-09-19 15:58:42  INFO     [2/13] MU: 4,680 bars from MU_5m_1782394200000_1789761300000.json
2026-09-19 15:58:42  INFO     MRVL: cache hit MRVL_5m_1782394200000_1789761300000.json (4,680 bars)
2026-09-19 15:58:42  INFO     [3/13] MRVL: 4,680 bars from MRVL_5m_1782394200000_1789761300000.json
2026-09-19 15:58:42  INFO     AMD: cache hit AMD_5m_1782394200000_1789761300000.json (4,680 bars)
2026-09-19 15:58:42  INFO     [4/13] AMD: 4,680 bars from AMD_5m_1782394200000_1789761300000.json
2026-09-19 15:58:42  INFO     SNDK: cache hit SNDK_5m_1782394200000_1789761300000.json (4,680 bars)
2026-09-19 15:58:42  INFO     [5/13] SNDK: 4,680 bars from SNDK_5m_1782394200000_1789761300000.json
2026-09-19 15:58:42  INFO     HPE: cache hit HPE_5m_1782394200000_1789761300000.json (4,680 bars)
2026-09-19 15:58:42  INFO     [6/13] HPE: 4,680 bars from HPE_5m_1782394200000_1789761300000.json
2026-09-19 15:58:42  INFO     DELL: cache hit DELL_5m_1782394200000_1789761300000.json (4,680 bars)
2026-09-19 15:58:42  INFO     [7/13] DELL: 4,680 bars from DELL_5m_1782394200000_1789761300000.json
2026-09-19 15:58:42  INFO     ARM: cache hit ARM_5m_1782394200000_1789761300000.json (4,680 bars)
2026-09-19 15:58:42  INFO     [8/13] ARM: 4,680 bars from ARM_5m_1782394200000_1789761300000.json
2026-09-19 15:58:42  INFO     IBM: cache hit IBM_5m_1782394200000_1789761300000.json (4,680 bars)
2026-09-19 15:58:42  INFO     [9/13] IBM: 4,680 bars from IBM_5m_1782394200000_1789761300000.json
2026-09-19 15:58:42  INFO     TXN: cache hit TXN_5m_1782394200000_1789761300000.json (4,680 bars)
2026-09-19 15:58:42  INFO     [10/13] TXN: 4,680 bars from TXN_5m_1782394200000_1789761300000.json
2026-09-19 15:58:43  INFO     QCOM: cache hit QCOM_5m_1782394200000_1789761300000.json (4,680 bars)
2026-09-19 15:58:43  INFO     [11/13] QCOM: 4,680 bars from QCOM_5m_1782394200000_1789761300000.json
2026-09-19 15:58:43  INFO     AVGO: cache hit AVGO_5m_1782394200000_1789761300000.json (4,680 bars)
2026-09-19 15:58:43  INFO     [12/13] AVGO: 4,680 bars from AVGO_5m_1782394200000_1789761300000.json
2026-09-19 15:58:43  INFO     ORCL: cache hit ORCL_5m_1782394200000_1789761300000.json (4,680 bars)
2026-09-19 15:58:43  INFO     [13/13] ORCL: 4,680 bars from ORCL_5m_1782394200000_1789761300000.json
2026-09-19 15:58:43  INFO     d4_w30      cand=4262 skip_busy=4213 n= 49 W/L/T=14/20/15  $1000 → $647.30  net=$-352.70  (-35.3%)
2026-09-19 15:58:43  INFO     d4_w60      cand=2236 skip_busy=2190 n= 46 W/L/T=15/15/16  $1000 → $832.60  net=$-167.40  (-16.7%)
2026-09-19 15:58:44  INFO     d4_w120     cand=1143 skip_busy=1101 n= 42 W/L/T=11/13/18  $1000 → $728.68  net=$-271.32  (-27.1%)
2026-09-19 15:58:44  INFO     d4_w180     cand= 773 skip_busy= 736 n= 37 W/L/T=11/13/13  $1000 → $853.55  net=$-146.45  (-14.6%)
2026-09-19 15:58:44  INFO     d4_w240     cand= 534 skip_busy= 496 n= 38 W/L/T= 6/14/18  $1000 → $694.01  net=$-305.99  (-30.6%)
2026-09-19 15:58:45  INFO     d4_w300     cand= 447 skip_busy= 406 n= 41 W/L/T=11/14/16  $1000 → $732.02  net=$-267.98  (-26.8%)
2026-09-19 15:58:45  INFO     d5_w30      cand=3643 skip_busy=3598 n= 45 W/L/T=14/17/14  $1000 → $813.23  net=$-186.77  (-18.7%)
2026-09-19 15:58:45  INFO     d5_w60      cand=1930 skip_busy=1883 n= 47 W/L/T=15/16/16  $1000 → $779.91  net=$-220.09  (-22.0%)
2026-09-19 15:58:46  INFO     d5_w120     cand= 987 skip_busy= 945 n= 42 W/L/T=14/14/14  $1000 → $869.87  net=$-130.13  (-13.0%)
2026-09-19 15:58:46  INFO     d5_w180     cand= 664 skip_busy= 617 n= 47 W/L/T=11/19/17  $1000 → $612.05  net=$-387.95  (-38.8%)
2026-09-19 15:58:47  INFO     d5_w240     cand= 464 skip_busy= 424 n= 40 W/L/T=10/15/15  $1000 → $770.49  net=$-229.51  (-23.0%)
2026-09-19 15:58:47  INFO     d5_w300     cand= 390 skip_busy= 349 n= 41 W/L/T=11/16/14  $1000 → $653.39  net=$-346.61  (-34.7%)
2026-09-19 15:58:47  INFO     
2026-09-19 15:58:47  INFO     === Ranked by end equity ===
2026-09-19 15:58:47  INFO       combo          n  skip    W    L    T       end$       net$     ret%
2026-09-19 15:58:47  INFO       d5_w120       42   945   14   14   14     869.87    -130.13   -13.0%
2026-09-19 15:58:47  INFO       d4_w180       37   736   11   13   13     853.55    -146.45   -14.6%
2026-09-19 15:58:47  INFO       d4_w60        46  2190   15   15   16     832.60    -167.40   -16.7%
2026-09-19 15:58:47  INFO       d5_w30        45  3598   14   17   14     813.23    -186.77   -18.7%
2026-09-19 15:58:47  INFO       d5_w60        47  1883   15   16   16     779.91    -220.09   -22.0%
2026-09-19 15:58:47  INFO       d5_w240       40   424   10   15   15     770.49    -229.51   -23.0%
2026-09-19 15:58:47  INFO       d4_w300       41   406   11   14   16     732.02    -267.98   -26.8%
2026-09-19 15:58:47  INFO       d4_w120       42  1101   11   13   18     728.68    -271.32   -27.1%
2026-09-19 15:58:47  INFO       d4_w240       38   496    6   14   18     694.01    -305.99   -30.6%
2026-09-19 15:58:47  INFO       d5_w300       41   349   11   16   14     653.39    -346.61   -34.7%
2026-09-19 15:58:47  INFO       d4_w30        49  4213   14   20   15     647.30    -352.70   -35.3%
2026-09-19 15:58:47  INFO       d5_w180       47   617   11   19   17     612.05    -387.95   -38.8%
2026-09-19 15:58:47  INFO     Wrote /workspace/udit/Jev-Trading/data/stocks/buy_the_dip/portfolio_d4d5_4sess_2day.csv
2026-09-19 15:58:47  INFO     Wrote /workspace/udit/Jev-Trading/data/stocks/buy_the_dip/portfolio_trades_d4d5_4sess_2day.csv
2026-09-19 15:58:47  INFO     Finished in 4.3s
