2026-09-19 20:09:18  INFO     US stocks buy-the-dip. $1000 clip. 0.30% buy + 0.30% sell.
2026-09-19 20:09:18  INFO     Bars 60d 5m  cache D:\jev-trading\data\stocks\klines
2026-09-19 20:09:18  INFO     Symbols 13: INTC, MU, MRVL, AMD, SNDK, HPE, DELL, ARM, IBM, TXN, QCOM, AVGO, ORCL
2026-09-19 20:09:18  INFO     Combos 10
2026-09-19 20:09:18  INFO       dip4_1d    dip 4.0% in 1.0 sessions, end within 1.2% after 30m, TP 5.0 SL 3.0, timeout 2.0 sess
2026-09-19 20:09:18  INFO       dip5_1d    dip 5.0% in 1.0 sessions, end within 1.5% after 30m, TP 6.0 SL 3.0, timeout 2.0 sess
2026-09-19 20:09:18  INFO       dip5_2d    dip 5.0% in 2.0 sessions, end within 1.5% after 45m, TP 6.0 SL 3.5, timeout 3.0 sess
2026-09-19 20:09:18  INFO       dip6_1d    dip 6.0% in 1.0 sessions, end within 1.5% after 30m, TP 6.0 SL 3.0, timeout 2.0 sess
2026-09-19 20:09:18  INFO       dip6_2d    dip 6.0% in 2.0 sessions, end within 2.0% after 60m, TP 7.0 SL 3.5, timeout 3.0 sess
2026-09-19 20:09:18  INFO       dip7_2d    dip 7.0% in 2.0 sessions, end within 2.0% after 45m, TP 7.0 SL 4.0, timeout 3.0 sess
2026-09-19 20:09:18  INFO       dip8_2d    dip 8.0% in 2.0 sessions, end within 2.0% after 60m, TP 8.0 SL 4.0, timeout 3.0 sess
2026-09-19 20:09:18  INFO       dip8_3d    dip 8.0% in 3.0 sessions, end within 2.5% after 90m, TP 8.0 SL 4.0, timeout 4.0 sess
2026-09-19 20:09:18  INFO       dip4_2d    dip 4.0% in 2.0 sessions, end within 1.2% after 45m, TP 5.0 SL 3.0, timeout 3.0 sess
2026-09-19 20:09:18  INFO       dip10_3d   dip 10.0% in 3.0 sessions, end within 2.5% after 60m, TP 10.0 SL 5.0, timeout 5.0 sess
2026-09-19 20:09:18  INFO     ----------  [1/13] INTC  ----------
2026-09-19 20:09:23  INFO     INTC: downloading 60d 5m from Yahoo (regular hours)
2026-09-19 20:09:29  INFO     INTC: saved 4,680 bars to INTC_5m_1782394200000_1789761300000.json
2026-09-19 20:09:29  INFO     INTC: 4,680 5-minute bars from INTC_5m_1782394200000_1789761300000.json
2026-09-19 20:09:29  INFO     INTC  dip4_1d  dip 4.0% / 1.0sess  wait 1.2%/30m  TP/SL 5.0/3.0  cand=206 n=36 W/L/T=9/24/3  res=27.3  be=45.0  net=$-426.68
2026-09-19 20:09:29  INFO     INTC  dip5_1d  dip 5.0% / 1.0sess  wait 1.5%/30m  TP/SL 6.0/3.0  cand=172 n=34 W/L/T=8/23/3  res=25.8  be=40.0  net=$-357.81
2026-09-19 20:09:29  INFO     INTC  dip5_2d  dip 5.0% / 2.0sess  wait 1.5%/45m  TP/SL 6.0/3.5  cand=186 n=31 W/L/T=11/20/0  res=35.5  be=43.2  net=$-226.00
2026-09-19 20:09:29  INFO     INTC  dip6_1d  dip 6.0% / 1.0sess  wait 1.5%/30m  TP/SL 6.0/3.0  cand=120 n=27 W/L/T=6/19/2  res=24.0  be=40.0  net=$-350.07
2026-09-19 20:09:29  INFO     INTC  dip6_2d  dip 6.0% / 2.0sess  wait 2.0%/60m  TP/SL 7.0/3.5  cand=125 n=28 W/L/T=9/19/0  res=32.1  be=39.0  net=$-203.00
2026-09-19 20:09:29  INFO     INTC  dip7_2d  dip 7.0% / 2.0sess  wait 2.0%/45m  TP/SL 7.0/4.0  cand=132 n=25 W/L/T=9/15/1  res=37.5  be=41.8  net=$-53.22
2026-09-19 20:09:29  INFO     INTC  dip8_2d  dip 8.0% / 2.0sess  wait 2.0%/60m  TP/SL 8.0/4.0  cand=84 n=20 W/L/T=7/12/1  res=36.8  be=38.3  net=$18.41
2026-09-19 20:09:29  INFO     INTC  dip8_3d  dip 8.0% / 3.0sess  wait 2.5%/90m  TP/SL 8.0/4.0  cand=84 n=22 W/L/T=7/15/0  res=31.8  be=38.3  net=$-172.00
2026-09-19 20:09:29  INFO     INTC  dip4_2d  dip 4.0% / 2.0sess  wait 1.2%/45m  TP/SL 5.0/3.0  cand=215 n=39 W/L/T=13/25/1  res=34.2  be=45.0  net=$-315.86
2026-09-19 20:09:29  INFO     INTC  dip10_3d  dip 10.0% / 3.0sess  wait 2.5%/60m  TP/SL 10.0/5.0  cand=96 n=16 W/L/T=4/11/1  res=26.7  be=37.3  net=$-204.09
2026-09-19 20:09:29  INFO     ----------  [2/13] MU  ----------
2026-09-19 20:09:29  INFO     MU: downloading 60d 5m from Yahoo (regular hours)
2026-09-19 20:09:30  INFO     MU: saved 4,680 bars to MU_5m_1782394200000_1789761300000.json
2026-09-19 20:09:30  INFO     MU: 4,680 5-minute bars from MU_5m_1782394200000_1789761300000.json
2026-09-19 20:09:30  INFO     MU  dip4_1d  dip 4.0% / 1.0sess  wait 1.2%/30m  TP/SL 5.0/3.0  cand=203 n=34 W/L/T=9/21/4  res=30.0  be=45.0  net=$-308.82
2026-09-19 20:09:30  INFO     MU  dip5_1d  dip 5.0% / 1.0sess  wait 1.5%/30m  TP/SL 6.0/3.0  cand=183 n=32 W/L/T=6/22/4  res=21.4  be=40.0  net=$-412.27
2026-09-19 20:09:30  INFO     MU  dip5_2d  dip 5.0% / 2.0sess  wait 1.5%/45m  TP/SL 6.0/3.5  cand=182 n=30 W/L/T=13/17/0  res=43.3  be=43.2  net=$5.00
2026-09-19 20:09:30  INFO     MU  dip6_1d  dip 6.0% / 1.0sess  wait 1.5%/30m  TP/SL 6.0/3.0  cand=151 n=29 W/L/T=5/20/4  res=20.0  be=40.0  net=$-389.48
2026-09-19 20:09:31  INFO     MU  dip6_2d  dip 6.0% / 2.0sess  wait 2.0%/60m  TP/SL 7.0/3.5  cand=125 n=28 W/L/T=8/19/1  res=29.6  be=39.0  net=$-242.64
2026-09-19 20:09:31  INFO     MU  dip7_2d  dip 7.0% / 2.0sess  wait 2.0%/45m  TP/SL 7.0/4.0  cand=137 n=23 W/L/T=8/15/0  res=34.8  be=41.8  net=$-178.00
2026-09-19 20:09:31  INFO     MU  dip8_2d  dip 8.0% / 2.0sess  wait 2.0%/60m  TP/SL 8.0/4.0  cand=91 n=20 W/L/T=5/11/4  res=31.2  be=38.3  net=$25.78
2026-09-19 20:09:31  INFO     MU  dip8_3d  dip 8.0% / 3.0sess  wait 2.5%/90m  TP/SL 8.0/4.0  cand=74 n=20 W/L/T=6/13/1  res=31.6  be=38.3  net=$-114.67
2026-09-19 20:09:31  INFO     MU  dip4_2d  dip 4.0% / 2.0sess  wait 1.2%/45m  TP/SL 5.0/3.0  cand=206 n=37 W/L/T=16/21/0  res=43.2  be=45.0  net=$-52.00
2026-09-19 20:09:31  INFO     MU  dip10_3d  dip 10.0% / 3.0sess  wait 2.5%/60m  TP/SL 10.0/5.0  cand=90 n=17 W/L/T=6/10/1  res=37.5  be=37.3  net=$45.39
2026-09-19 20:09:31  INFO     ----------  [3/13] MRVL  ----------
2026-09-19 20:09:31  INFO     MRVL: downloading 60d 5m from Yahoo (regular hours)
2026-09-19 20:09:32  INFO     MRVL: saved 4,680 bars to MRVL_5m_1782394200000_1789761300000.json
2026-09-19 20:09:32  INFO     MRVL: 4,680 5-minute bars from MRVL_5m_1782394200000_1789761300000.json
2026-09-19 20:09:32  INFO     MRVL  dip4_1d  dip 4.0% / 1.0sess  wait 1.2%/30m  TP/SL 5.0/3.0  cand=240 n=50 W/L/T=17/31/2  res=35.4  be=45.0  net=$-325.18
2026-09-19 20:09:32  INFO     MRVL  dip5_1d  dip 5.0% / 1.0sess  wait 1.5%/30m  TP/SL 6.0/3.0  cand=197 n=44 W/L/T=13/28/3  res=31.7  be=40.0  net=$-290.19
2026-09-19 20:09:32  INFO     MRVL  dip5_2d  dip 5.0% / 2.0sess  wait 1.5%/45m  TP/SL 6.0/3.5  cand=190 n=35 W/L/T=14/21/0  res=40.0  be=43.2  net=$-105.00
2026-09-19 20:09:32  INFO     MRVL  dip6_1d  dip 6.0% / 1.0sess  wait 1.5%/30m  TP/SL 6.0/3.0  cand=171 n=40 W/L/T=13/24/3  res=35.1  be=40.0  net=$-146.19
2026-09-19 20:09:32  INFO     MRVL  dip6_2d  dip 6.0% / 2.0sess  wait 2.0%/60m  TP/SL 7.0/3.5  cand=131 n=30 W/L/T=11/18/1  res=37.9  be=39.0  net=$14.75
2026-09-19 20:09:32  INFO     MRVL  dip7_2d  dip 7.0% / 2.0sess  wait 2.0%/45m  TP/SL 7.0/4.0  cand=160 n=28 W/L/T=11/17/0  res=39.3  be=41.8  net=$-78.00
2026-09-19 20:09:32  INFO     MRVL  dip8_2d  dip 8.0% / 2.0sess  wait 2.0%/60m  TP/SL 8.0/4.0  cand=105 n=21 W/L/T=8/12/1  res=40.0  be=38.3  net=$88.75
2026-09-19 20:09:32  INFO     MRVL  dip8_3d  dip 8.0% / 3.0sess  wait 2.5%/90m  TP/SL 8.0/4.0  cand=84 n=22 W/L/T=10/12/0  res=45.5  be=38.3  net=$188.00
2026-09-19 20:09:32  INFO     MRVL  dip4_2d  dip 4.0% / 2.0sess  wait 1.2%/45m  TP/SL 5.0/3.0  cand=220 n=50 W/L/T=20/29/1  res=40.8  be=45.0  net=$-139.09
2026-09-19 20:09:32  INFO     MRVL  dip10_3d  dip 10.0% / 3.0sess  wait 2.5%/60m  TP/SL 10.0/5.0  cand=103 n=17 W/L/T=8/9/0  res=47.1  be=37.3  net=$248.00
2026-09-19 20:09:32  INFO     ----------  [4/13] AMD  ----------
2026-09-19 20:09:32  INFO     AMD: downloading 60d 5m from Yahoo (regular hours)
2026-09-19 20:09:34  INFO     AMD: saved 4,680 bars to AMD_5m_1782394200000_1789761300000.json
2026-09-19 20:09:34  INFO     AMD: 4,680 5-minute bars from AMD_5m_1782394200000_1789761300000.json
2026-09-19 20:09:34  INFO     AMD  dip4_1d  dip 4.0% / 1.0sess  wait 1.2%/30m  TP/SL 5.0/3.0  cand=159 n=27 W/L/T=9/16/2  res=36.0  be=45.0  net=$-170.34
2026-09-19 20:09:34  INFO     AMD  dip5_1d  dip 5.0% / 1.0sess  wait 1.5%/30m  TP/SL 6.0/3.0  cand=127 n=19 W/L/T=7/12/0  res=36.8  be=40.0  net=$-54.00
2026-09-19 20:09:34  INFO     AMD  dip5_2d  dip 5.0% / 2.0sess  wait 1.5%/45m  TP/SL 6.0/3.5  cand=129 n=20 W/L/T=8/9/3  res=47.1  be=43.2  net=$47.73
2026-09-19 20:09:34  INFO     AMD  dip6_1d  dip 6.0% / 1.0sess  wait 1.5%/30m  TP/SL 6.0/3.0  cand=103 n=18 W/L/T=6/12/0  res=33.3  be=40.0  net=$-108.00
2026-09-19 20:09:34  INFO     AMD  dip6_2d  dip 6.0% / 2.0sess  wait 2.0%/60m  TP/SL 7.0/3.5  cand=88 n=16 W/L/T=6/9/1  res=40.0  be=39.0  net=$-7.57
2026-09-19 20:09:34  INFO     AMD  dip7_2d  dip 7.0% / 2.0sess  wait 2.0%/45m  TP/SL 7.0/4.0  cand=102 n=15 W/L/T=6/8/1  res=42.9  be=41.8  net=$-1.33
2026-09-19 20:09:34  INFO     AMD  dip8_2d  dip 8.0% / 2.0sess  wait 2.0%/60m  TP/SL 8.0/4.0  cand=63 n=11 W/L/T=5/4/2  res=55.6  be=38.3  net=$143.05
2026-09-19 20:09:34  INFO     AMD  dip8_3d  dip 8.0% / 3.0sess  wait 2.5%/90m  TP/SL 8.0/4.0  cand=60 n=13 W/L/T=6/6/1  res=50.0  be=38.3  net=$203.35
2026-09-19 20:09:34  INFO     AMD  dip4_2d  dip 4.0% / 2.0sess  wait 1.2%/45m  TP/SL 5.0/3.0  cand=167 n=26 W/L/T=9/16/1  res=36.0  be=45.0  net=$-197.89
2026-09-19 20:09:34  INFO     AMD  dip10_3d  dip 10.0% / 3.0sess  wait 2.5%/60m  TP/SL 10.0/5.0  cand=63 n=10 W/L/T=3/5/2  res=37.5  be=37.3  net=$51.03
2026-09-19 20:09:34  INFO     ----------  [5/13] SNDK  ----------
2026-09-19 20:09:34  INFO     SNDK: downloading 60d 5m from Yahoo (regular hours)
2026-09-19 20:09:35  INFO     SNDK: saved 4,680 bars to SNDK_5m_1782394200000_1789761300000.json
2026-09-19 20:09:35  INFO     SNDK: 4,680 5-minute bars from SNDK_5m_1782394200000_1789761300000.json
2026-09-19 20:09:35  INFO     SNDK  dip4_1d  dip 4.0% / 1.0sess  wait 1.2%/30m  TP/SL 5.0/3.0  cand=241 n=57 W/L/T=19/34/4  res=35.8  be=45.0  net=$-344.08
2026-09-19 20:09:35  INFO     SNDK  dip5_1d  dip 5.0% / 1.0sess  wait 1.5%/30m  TP/SL 6.0/3.0  cand=227 n=50 W/L/T=15/31/4  res=32.6  be=40.0  net=$-313.57
2026-09-19 20:09:36  INFO     SNDK  dip5_2d  dip 5.0% / 2.0sess  wait 1.5%/45m  TP/SL 6.0/3.5  cand=210 n=49 W/L/T=16/32/1  res=33.3  be=43.2  net=$-427.69
2026-09-19 20:09:36  INFO     SNDK  dip6_1d  dip 6.0% / 1.0sess  wait 1.5%/30m  TP/SL 6.0/3.0  cand=189 n=45 W/L/T=13/30/2  res=30.2  be=40.0  net=$-353.15
2026-09-19 20:09:36  INFO     SNDK  dip6_2d  dip 6.0% / 2.0sess  wait 2.0%/60m  TP/SL 7.0/3.5  cand=149 n=39 W/L/T=12/26/1  res=31.6  be=39.0  net=$-267.28
2026-09-19 20:09:36  INFO     SNDK  dip7_2d  dip 7.0% / 2.0sess  wait 2.0%/45m  TP/SL 7.0/4.0  cand=182 n=40 W/L/T=13/26/1  res=33.3  be=41.8  net=$-343.69
2026-09-19 20:09:36  INFO     SNDK  dip8_2d  dip 8.0% / 2.0sess  wait 2.0%/60m  TP/SL 8.0/4.0  cand=125 n=35 W/L/T=9/24/2  res=27.3  be=38.3  net=$-382.20
2026-09-19 20:09:36  INFO     SNDK  dip8_3d  dip 8.0% / 3.0sess  wait 2.5%/90m  TP/SL 8.0/4.0  cand=103 n=31 W/L/T=9/21/1  res=30.0  be=38.3  net=$-282.14
2026-09-19 20:09:36  INFO     SNDK  dip4_2d  dip 4.0% / 2.0sess  wait 1.2%/45m  TP/SL 5.0/3.0  cand=224 n=55 W/L/T=20/35/0  res=36.4  be=45.0  net=$-380.00
2026-09-19 20:09:36  INFO     SNDK  dip10_3d  dip 10.0% / 3.0sess  wait 2.5%/60m  TP/SL 10.0/5.0  cand=135 n=26 W/L/T=8/17/1  res=32.0  be=37.3  net=$-155.29
2026-09-19 20:09:36  INFO     ----------  [6/13] HPE  ----------
2026-09-19 20:09:36  INFO     HPE: downloading 60d 5m from Yahoo (regular hours)
2026-09-19 20:09:37  INFO     HPE: saved 4,680 bars to HPE_5m_1782394200000_1789761300000.json
2026-09-19 20:09:37  INFO     HPE: 4,680 5-minute bars from HPE_5m_1782394200000_1789761300000.json
2026-09-19 20:09:37  INFO     HPE  dip4_1d  dip 4.0% / 1.0sess  wait 1.2%/30m  TP/SL 5.0/3.0  cand=178 n=25 W/L/T=10/12/3  res=45.5  be=45.0  net=$53.62
2026-09-19 20:09:37  INFO     HPE  dip5_1d  dip 5.0% / 1.0sess  wait 1.5%/30m  TP/SL 6.0/3.0  cand=112 n=21 W/L/T=7/8/6  res=46.7  be=40.0  net=$252.30
2026-09-19 20:09:37  INFO     HPE  dip5_2d  dip 5.0% / 2.0sess  wait 1.5%/45m  TP/SL 6.0/3.5  cand=140 n=22 W/L/T=12/8/2  res=60.0  be=43.2  net=$281.85
2026-09-19 20:09:37  INFO     HPE  dip6_1d  dip 6.0% / 1.0sess  wait 1.5%/30m  TP/SL 6.0/3.0  cand=69 n=16 W/L/T=5/6/5  res=45.5  be=40.0  net=$192.30
2026-09-19 20:09:37  INFO     HPE  dip6_2d  dip 6.0% / 2.0sess  wait 2.0%/60m  TP/SL 7.0/3.5  cand=82 n=17 W/L/T=7/8/2  res=46.7  be=39.0  net=$96.75
2026-09-19 20:09:37  INFO     HPE  dip7_2d  dip 7.0% / 2.0sess  wait 2.0%/45m  TP/SL 7.0/4.0  cand=80 n=13 W/L/T=6/5/2  res=54.5  be=41.8  net=$115.85
2026-09-19 20:09:37  INFO     HPE  dip8_2d  dip 8.0% / 2.0sess  wait 2.0%/60m  TP/SL 8.0/4.0  cand=48 n=10 W/L/T=4/4/2  res=50.0  be=38.3  net=$88.75
2026-09-19 20:09:37  INFO     HPE  dip8_3d  dip 8.0% / 3.0sess  wait 2.5%/90m  TP/SL 8.0/4.0  cand=54 n=12 W/L/T=5/6/1  res=45.5  be=38.3  net=$103.63
2026-09-19 20:09:37  INFO     HPE  dip4_2d  dip 4.0% / 2.0sess  wait 1.2%/45m  TP/SL 5.0/3.0  cand=179 n=27 W/L/T=13/13/1  res=50.0  be=45.0  net=$89.65
2026-09-19 20:09:38  INFO     HPE  dip10_3d  dip 10.0% / 3.0sess  wait 2.5%/60m  TP/SL 10.0/5.0  cand=36 n=8 W/L/T=3/2/3  res=60.0  be=37.3  net=$293.13
2026-09-19 20:09:38  INFO     ----------  [7/13] DELL  ----------
2026-09-19 20:09:38  INFO     DELL: downloading 60d 5m from Yahoo (regular hours)
2026-09-19 20:09:38  INFO     DELL: saved 4,680 bars to DELL_5m_1782394200000_1789761300000.json
2026-09-19 20:09:38  INFO     DELL: 4,680 5-minute bars from DELL_5m_1782394200000_1789761300000.json
2026-09-19 20:09:38  INFO     DELL  dip4_1d  dip 4.0% / 1.0sess  wait 1.2%/30m  TP/SL 5.0/3.0  cand=215 n=41 W/L/T=16/22/3  res=42.1  be=45.0  net=$-82.69
2026-09-19 20:09:39  INFO     DELL  dip5_1d  dip 5.0% / 1.0sess  wait 1.5%/30m  TP/SL 6.0/3.0  cand=165 n=31 W/L/T=15/15/1  res=50.0  be=40.0  net=$269.76
2026-09-19 20:09:39  INFO     DELL  dip5_2d  dip 5.0% / 2.0sess  wait 1.5%/45m  TP/SL 6.0/3.5  cand=139 n=27 W/L/T=13/13/1  res=50.0  be=43.2  net=$161.52
2026-09-19 20:09:39  INFO     DELL  dip6_1d  dip 6.0% / 1.0sess  wait 1.5%/30m  TP/SL 6.0/3.0  cand=116 n=24 W/L/T=12/11/1  res=52.2  be=40.0  net=$251.76
2026-09-19 20:09:39  INFO     DELL  dip6_2d  dip 6.0% / 2.0sess  wait 2.0%/60m  TP/SL 7.0/3.5  cand=96 n=22 W/L/T=13/8/1  res=61.9  be=39.0  net=$493.86
2026-09-19 20:09:39  INFO     DELL  dip7_2d  dip 7.0% / 2.0sess  wait 2.0%/45m  TP/SL 7.0/4.0  cand=108 n=20 W/L/T=11/8/1  res=57.9  be=41.8  net=$328.52
2026-09-19 20:09:39  INFO     DELL  dip8_2d  dip 8.0% / 2.0sess  wait 2.0%/60m  TP/SL 8.0/4.0  cand=66 n=14 W/L/T=7/6/1  res=53.8  be=38.3  net=$231.86
2026-09-19 20:09:39  INFO     DELL  dip8_3d  dip 8.0% / 3.0sess  wait 2.5%/90m  TP/SL 8.0/4.0  cand=62 n=17 W/L/T=9/7/1  res=56.2  be=38.3  net=$367.43
2026-09-19 20:09:39  INFO     DELL  dip4_2d  dip 4.0% / 2.0sess  wait 1.2%/45m  TP/SL 5.0/3.0  cand=179 n=42 W/L/T=20/21/1  res=48.8  be=45.0  net=$109.32
2026-09-19 20:09:39  INFO     DELL  dip10_3d  dip 10.0% / 3.0sess  wait 2.5%/60m  TP/SL 10.0/5.0  cand=52 n=8 W/L/T=5/2/1  res=71.4  be=37.3  net=$418.11
2026-09-19 20:09:39  INFO     ----------  [8/13] ARM  ----------
2026-09-19 20:09:39  INFO     ARM: downloading 60d 5m from Yahoo (regular hours)
2026-09-19 20:09:40  INFO     ARM: saved 4,680 bars to ARM_5m_1782394200000_1789761300000.json
2026-09-19 20:09:40  INFO     ARM: 4,680 5-minute bars from ARM_5m_1782394200000_1789761300000.json
2026-09-19 20:09:40  INFO     ARM  dip4_1d  dip 4.0% / 1.0sess  wait 1.2%/30m  TP/SL 5.0/3.0  cand=270 n=46 W/L/T=16/28/2  res=36.4  be=45.0  net=$-349.63
2026-09-19 20:09:40  INFO     ARM  dip5_1d  dip 5.0% / 1.0sess  wait 1.5%/30m  TP/SL 6.0/3.0  cand=215 n=40 W/L/T=9/27/4  res=25.0  be=40.0  net=$-468.85
2026-09-19 20:09:40  INFO     ARM  dip5_2d  dip 5.0% / 2.0sess  wait 1.5%/45m  TP/SL 6.0/3.5  cand=220 n=35 W/L/T=11/24/0  res=31.4  be=43.2  net=$-390.00
2026-09-19 20:09:40  INFO     ARM  dip6_1d  dip 6.0% / 1.0sess  wait 1.5%/30m  TP/SL 6.0/3.0  cand=170 n=37 W/L/T=9/25/3  res=26.5  be=40.0  net=$-374.37
2026-09-19 20:09:40  INFO     ARM  dip6_2d  dip 6.0% / 2.0sess  wait 2.0%/60m  TP/SL 7.0/3.5  cand=162 n=34 W/L/T=10/23/1  res=30.3  be=39.0  net=$-243.95
2026-09-19 20:09:40  INFO     ARM  dip7_2d  dip 7.0% / 2.0sess  wait 2.0%/45m  TP/SL 7.0/4.0  cand=182 n=29 W/L/T=9/19/1  res=32.1  be=41.8  net=$-246.81
2026-09-19 20:09:41  INFO     ARM  dip8_2d  dip 8.0% / 2.0sess  wait 2.0%/60m  TP/SL 8.0/4.0  cand=128 n=25 W/L/T=8/16/1  res=33.3  be=38.3  net=$-84.95
2026-09-19 20:09:41  INFO     ARM  dip8_3d  dip 8.0% / 3.0sess  wait 2.5%/90m  TP/SL 8.0/4.0  cand=113 n=24 W/L/T=8/15/1  res=34.8  be=38.3  net=$-75.47
2026-09-19 20:09:41  INFO     ARM  dip4_2d  dip 4.0% / 2.0sess  wait 1.2%/45m  TP/SL 5.0/3.0  cand=252 n=40 W/L/T=16/24/0  res=40.0  be=45.0  net=$-160.00
2026-09-19 20:09:41  INFO     ARM  dip10_3d  dip 10.0% / 3.0sess  wait 2.5%/60m  TP/SL 10.0/5.0  cand=127 n=19 W/L/T=6/12/1  res=33.3  be=37.3  net=$-88.24
2026-09-19 20:09:41  INFO     ----------  [9/13] IBM  ----------
2026-09-19 20:09:41  INFO     IBM: downloading 60d 5m from Yahoo (regular hours)
2026-09-19 20:09:42  INFO     IBM: saved 4,680 bars to IBM_5m_1782394200000_1789761300000.json
2026-09-19 20:09:42  INFO     IBM: 4,680 5-minute bars from IBM_5m_1782394200000_1789761300000.json
2026-09-19 20:09:42  INFO     IBM  dip4_1d  dip 4.0% / 1.0sess  wait 1.2%/30m  TP/SL 5.0/3.0  cand=55 n=11 W/L/T=3/4/4  res=42.9  be=45.0  net=$-21.28
2026-09-19 20:09:42  INFO     IBM  dip5_1d  dip 5.0% / 1.0sess  wait 1.5%/30m  TP/SL 6.0/3.0  cand=19 n=5 W/L/T=2/2/1  res=50.0  be=40.0  net=$13.83
2026-09-19 20:09:42  INFO     IBM  dip5_2d  dip 5.0% / 2.0sess  wait 1.5%/45m  TP/SL 6.0/3.5  cand=46 n=7 W/L/T=3/3/1  res=50.0  be=43.2  net=$31.09
2026-09-19 20:09:42  INFO     IBM  dip6_1d  dip 6.0% / 1.0sess  wait 1.5%/30m  TP/SL 6.0/3.0  cand=13 n=3 W/L/T=1/2/0  res=33.3  be=40.0  net=$-18.00
2026-09-19 20:09:42  INFO     IBM  dip6_2d  dip 6.0% / 2.0sess  wait 2.0%/60m  TP/SL 7.0/3.5  cand=22 n=7 W/L/T=2/3/2  res=40.0  be=39.0  net=$-21.75
2026-09-19 20:09:42  INFO     IBM  dip7_2d  dip 7.0% / 2.0sess  wait 2.0%/45m  TP/SL 7.0/4.0  cand=18 n=3 W/L/T=0/2/1  res=0.0  be=41.8  net=$-78.76
2026-09-19 20:09:42  INFO     IBM  dip8_2d  dip 8.0% / 2.0sess  wait 2.0%/60m  TP/SL 8.0/4.0  cand=12 n=2 W/L/T=0/1/1  res=0.0  be=38.3  net=$-33.21
2026-09-19 20:09:42  INFO     IBM  dip8_3d  dip 8.0% / 3.0sess  wait 2.5%/90m  TP/SL 8.0/4.0  cand=16 n=3 W/L/T=0/1/2  res=0.0  be=38.3  net=$-52.70
2026-09-19 20:09:42  INFO     IBM  dip4_2d  dip 4.0% / 2.0sess  wait 1.2%/45m  TP/SL 5.0/3.0  cand=87 n=13 W/L/T=3/6/4  res=33.3  be=45.0  net=$-49.52
2026-09-19 20:09:42  INFO     IBM  dip10_3d  dip 10.0% / 3.0sess  wait 2.5%/60m  TP/SL 10.0/5.0  cand=17 n=2 W/L/T=0/1/1  res=0.0  be=37.3  net=$-71.36
2026-09-19 20:09:42  INFO     ----------  [10/13] TXN  ----------
2026-09-19 20:09:42  INFO     TXN: downloading 60d 5m from Yahoo (regular hours)
2026-09-19 20:09:43  INFO     TXN: saved 4,680 bars to TXN_5m_1782394200000_1789761300000.json
2026-09-19 20:09:43  INFO     TXN: 4,680 5-minute bars from TXN_5m_1782394200000_1789761300000.json
2026-09-19 20:09:43  INFO     TXN  dip4_1d  dip 4.0% / 1.0sess  wait 1.2%/30m  TP/SL 5.0/3.0  cand=104 n=18 W/L/T=4/6/8  res=40.0  be=45.0  net=$-91.27
2026-09-19 20:09:43  INFO     TXN  dip5_1d  dip 5.0% / 1.0sess  wait 1.5%/30m  TP/SL 6.0/3.0  cand=39 n=10 W/L/T=2/4/4  res=33.3  be=40.0  net=$-12.32
2026-09-19 20:09:44  INFO     TXN  dip5_2d  dip 5.0% / 2.0sess  wait 1.5%/45m  TP/SL 6.0/3.5  cand=68 n=11 W/L/T=2/1/8  res=66.7  be=43.2  net=$74.98
2026-09-19 20:09:44  INFO     TXN  dip6_1d  dip 6.0% / 1.0sess  wait 1.5%/30m  TP/SL 6.0/3.0  cand=19 n=8 W/L/T=3/3/2  res=50.0  be=40.0  net=$55.63
2026-09-19 20:09:44  INFO     TXN  dip6_2d  dip 6.0% / 2.0sess  wait 2.0%/60m  TP/SL 7.0/3.5  cand=30 n=8 W/L/T=2/3/3  res=40.0  be=39.0  net=$26.43
2026-09-19 20:09:44  INFO     TXN  dip7_2d  dip 7.0% / 2.0sess  wait 2.0%/45m  TP/SL 7.0/4.0  cand=18 n=5 W/L/T=2/1/2  res=66.7  be=41.8  net=$40.09
2026-09-19 20:09:44  INFO     TXN  dip8_2d  dip 8.0% / 2.0sess  wait 2.0%/60m  TP/SL 8.0/4.0  cand=7 n=2 W/L/T=1/0/1  res=100.0  be=38.3  net=$89.40
2026-09-19 20:09:44  INFO     TXN  dip8_3d  dip 8.0% / 3.0sess  wait 2.5%/90m  TP/SL 8.0/4.0  cand=6 n=2 W/L/T=0/0/2  res=n/a  be=38.3  net=$-32.67
2026-09-19 20:09:44  INFO     TXN  dip4_2d  dip 4.0% / 2.0sess  wait 1.2%/45m  TP/SL 5.0/3.0  cand=131 n=16 W/L/T=4/5/7  res=44.4  be=45.0  net=$60.87
2026-09-19 20:09:44  INFO     TXN  dip10_3d  dip 10.0% / 3.0sess  wait 2.5%/60m  TP/SL 10.0/5.0  cand=2 n=1 W/L/T=0/0/1  res=n/a  be=37.3  net=$-21.66
2026-09-19 20:09:44  INFO     ----------  [11/13] QCOM  ----------
2026-09-19 20:09:44  INFO     QCOM: downloading 60d 5m from Yahoo (regular hours)
2026-09-19 20:09:45  INFO     QCOM: saved 4,680 bars to QCOM_5m_1782394200000_1789761300000.json
2026-09-19 20:09:45  INFO     QCOM: 4,680 5-minute bars from QCOM_5m_1782394200000_1789761300000.json
2026-09-19 20:09:45  INFO     QCOM  dip4_1d  dip 4.0% / 1.0sess  wait 1.2%/30m  TP/SL 5.0/3.0  cand=134 n=26 W/L/T=6/16/4  res=27.3  be=45.0  net=$-268.02
2026-09-19 20:09:45  INFO     QCOM  dip5_1d  dip 5.0% / 1.0sess  wait 1.5%/30m  TP/SL 6.0/3.0  cand=81 n=19 W/L/T=3/12/4  res=20.0  be=40.0  net=$-275.59
2026-09-19 20:09:45  INFO     QCOM  dip5_2d  dip 5.0% / 2.0sess  wait 1.5%/45m  TP/SL 6.0/3.5  cand=113 n=17 W/L/T=5/9/3  res=35.7  be=43.2  net=$-47.89
2026-09-19 20:09:45  INFO     QCOM  dip6_1d  dip 6.0% / 1.0sess  wait 1.5%/30m  TP/SL 6.0/3.0  cand=51 n=11 W/L/T=1/7/3  res=12.5  be=40.0  net=$-176.13
2026-09-19 20:09:45  INFO     QCOM  dip6_2d  dip 6.0% / 2.0sess  wait 2.0%/60m  TP/SL 7.0/3.5  cand=58 n=12 W/L/T=2/7/3  res=22.2  be=39.0  net=$-110.78
2026-09-19 20:09:45  INFO     QCOM  dip7_2d  dip 7.0% / 2.0sess  wait 2.0%/45m  TP/SL 7.0/4.0  cand=52 n=8 W/L/T=1/4/3  res=20.0  be=41.8  net=$-163.04
2026-09-19 20:09:46  INFO     QCOM  dip8_2d  dip 8.0% / 2.0sess  wait 2.0%/60m  TP/SL 8.0/4.0  cand=32 n=6 W/L/T=0/3/3  res=0.0  be=38.3  net=$-52.45
2026-09-19 20:09:46  INFO     QCOM  dip8_3d  dip 8.0% / 3.0sess  wait 2.5%/90m  TP/SL 8.0/4.0  cand=36 n=9 W/L/T=2/5/2  res=28.6  be=38.3  net=$-78.87
2026-09-19 20:09:46  INFO     QCOM  dip4_2d  dip 4.0% / 2.0sess  wait 1.2%/45m  TP/SL 5.0/3.0  cand=152 n=23 W/L/T=9/12/2  res=42.9  be=45.0  net=$-29.78
2026-09-19 20:09:46  INFO     QCOM  dip10_3d  dip 10.0% / 3.0sess  wait 2.5%/60m  TP/SL 10.0/5.0  cand=36 n=6 W/L/T=2/3/1  res=40.0  be=37.3  net=$16.33
2026-09-19 20:09:46  INFO     ----------  [12/13] AVGO  ----------
2026-09-19 20:09:46  INFO     AVGO: downloading 60d 5m from Yahoo (regular hours)
2026-09-19 20:09:47  INFO     AVGO: saved 4,680 bars to AVGO_5m_1782394200000_1789761300000.json
2026-09-19 20:09:47  INFO     AVGO: 4,680 5-minute bars from AVGO_5m_1782394200000_1789761300000.json
2026-09-19 20:09:47  INFO     AVGO  dip4_1d  dip 4.0% / 1.0sess  wait 1.2%/30m  TP/SL 5.0/3.0  cand=84 n=13 W/L/T=5/3/5  res=62.5  be=45.0  net=$146.11
2026-09-19 20:09:47  INFO     AVGO  dip5_1d  dip 5.0% / 1.0sess  wait 1.5%/30m  TP/SL 6.0/3.0  cand=54 n=10 W/L/T=3/4/3  res=42.9  be=40.0  net=$24.86
2026-09-19 20:09:47  INFO     AVGO  dip5_2d  dip 5.0% / 2.0sess  wait 1.5%/45m  TP/SL 6.0/3.5  cand=78 n=13 W/L/T=4/3/6  res=57.1  be=43.2  net=$93.74
2026-09-19 20:09:47  INFO     AVGO  dip6_1d  dip 6.0% / 1.0sess  wait 1.5%/30m  TP/SL 6.0/3.0  cand=24 n=5 W/L/T=2/1/2  res=66.7  be=40.0  net=$79.45
2026-09-19 20:09:47  INFO     AVGO  dip6_2d  dip 6.0% / 2.0sess  wait 2.0%/60m  TP/SL 7.0/3.5  cand=39 n=9 W/L/T=2/3/4  res=40.0  be=39.0  net=$47.68
2026-09-19 20:09:47  INFO     AVGO  dip7_2d  dip 7.0% / 2.0sess  wait 2.0%/45m  TP/SL 7.0/4.0  cand=31 n=5 W/L/T=1/1/3  res=50.0  be=41.8  net=$107.91
2026-09-19 20:09:47  INFO     AVGO  dip8_2d  dip 8.0% / 2.0sess  wait 2.0%/60m  TP/SL 8.0/4.0  cand=14 n=5 W/L/T=0/1/4  res=0.0  be=38.3  net=$80.36
2026-09-19 20:09:47  INFO     AVGO  dip8_3d  dip 8.0% / 3.0sess  wait 2.5%/90m  TP/SL 8.0/4.0  cand=23 n=6 W/L/T=1/2/3  res=33.3  be=38.3  net=$61.93
2026-09-19 20:09:47  INFO     AVGO  dip4_2d  dip 4.0% / 2.0sess  wait 1.2%/45m  TP/SL 5.0/3.0  cand=121 n=16 W/L/T=7/7/2  res=50.0  be=45.0  net=$29.64
2026-09-19 20:09:47  INFO     AVGO  dip10_3d  dip 10.0% / 3.0sess  wait 2.5%/60m  TP/SL 10.0/5.0  cand=11 n=2 W/L/T=0/1/1  res=0.0  be=37.3  net=$-84.96
2026-09-19 20:09:47  INFO     ----------  [13/13] ORCL  ----------
2026-09-19 20:09:47  INFO     ORCL: downloading 60d 5m from Yahoo (regular hours)
2026-09-19 20:09:48  INFO     ORCL: saved 4,680 bars to ORCL_5m_1782394200000_1789761300000.json
2026-09-19 20:09:48  INFO     ORCL: 4,680 5-minute bars from ORCL_5m_1782394200000_1789761300000.json
2026-09-19 20:09:48  INFO     ORCL  dip4_1d  dip 4.0% / 1.0sess  wait 1.2%/30m  TP/SL 5.0/3.0  cand=160 n=28 W/L/T=8/15/5  res=34.8  be=45.0  net=$-217.85
2026-09-19 20:09:48  INFO     ORCL  dip5_1d  dip 5.0% / 1.0sess  wait 1.5%/30m  TP/SL 6.0/3.0  cand=101 n=19 W/L/T=3/12/4  res=20.0  be=40.0  net=$-242.56
2026-09-19 20:09:48  INFO     ORCL  dip5_2d  dip 5.0% / 2.0sess  wait 1.5%/45m  TP/SL 6.0/3.5  cand=140 n=21 W/L/T=4/12/5  res=25.0  be=43.2  net=$-220.36
2026-09-19 20:09:48  INFO     ORCL  dip6_1d  dip 6.0% / 1.0sess  wait 1.5%/30m  TP/SL 6.0/3.0  cand=49 n=10 W/L/T=1/6/3  res=14.3  be=40.0  net=$-193.26
2026-09-19 20:09:48  INFO     ORCL  dip6_2d  dip 6.0% / 2.0sess  wait 2.0%/60m  TP/SL 7.0/3.5  cand=80 n=17 W/L/T=1/11/5  res=8.3  be=39.0  net=$-325.57
2026-09-19 20:09:49  INFO     ORCL  dip7_2d  dip 7.0% / 2.0sess  wait 2.0%/45m  TP/SL 7.0/4.0  cand=63 n=11 W/L/T=1/6/4  res=14.3  be=41.8  net=$-110.41
2026-09-19 20:09:49  INFO     ORCL  dip8_2d  dip 8.0% / 2.0sess  wait 2.0%/60m  TP/SL 8.0/4.0  cand=32 n=8 W/L/T=1/5/2  res=16.7  be=38.3  net=$-109.33
2026-09-19 20:09:49  INFO     ORCL  dip8_3d  dip 8.0% / 3.0sess  wait 2.5%/90m  TP/SL 8.0/4.0  cand=52 n=12 W/L/T=2/8/2  res=20.0  be=38.3  net=$-183.56
2026-09-19 20:09:49  INFO     ORCL  dip4_2d  dip 4.0% / 2.0sess  wait 1.2%/45m  TP/SL 5.0/3.0  cand=187 n=27 W/L/T=8/15/4  res=34.8  be=45.0  net=$-154.22
2026-09-19 20:09:49  INFO     ORCL  dip10_3d  dip 10.0% / 3.0sess  wait 2.5%/60m  TP/SL 10.0/5.0  cand=34 n=7 W/L/T=1/4/2  res=20.0  be=37.3  net=$-99.93
2026-09-19 20:09:49  INFO     
2026-09-19 20:09:49  INFO     Rows 130  n>=5 121  net>0 48  at/above breakeven 45
2026-09-19 20:09:49  INFO     
2026-09-19 20:09:49  INFO     Best 15 by net (any trade count)
2026-09-19 20:09:49  INFO       stock  combo             dip        wait      exit    n     W/L/T   res%    be%      net$
2026-09-19 20:09:49  INFO       DELL   dip6_2d    6%/2d 2.0%/60m 7/4   22    13/8/1   61.9   39.0    493.86
2026-09-19 20:09:49  INFO       DELL   dip10_3d   10%/3d 2.5%/60m 10/5    8     5/2/1   71.4   37.3    418.11
2026-09-19 20:09:49  INFO       DELL   dip8_3d    8%/3d 2.5%/90m 8/4   17     9/7/1   56.2   38.3    367.43
2026-09-19 20:09:49  INFO       DELL   dip7_2d    7%/2d 2.0%/45m 7/4   20    11/8/1   57.9   41.8    328.52
2026-09-19 20:09:49  INFO       HPE    dip10_3d   10%/3d 2.5%/60m 10/5    8     3/2/3   60.0   37.3    293.13
2026-09-19 20:09:49  INFO       HPE    dip5_2d    5%/2d 1.5%/45m 6/4   22    12/8/2   60.0   43.2    281.85
2026-09-19 20:09:49  INFO       DELL   dip5_1d    5%/1d 1.5%/30m 6/3   31   15/15/1   50.0   40.0    269.76
2026-09-19 20:09:49  INFO       HPE    dip5_1d    5%/1d 1.5%/30m 6/3   21     7/8/6   46.7   40.0    252.30
2026-09-19 20:09:49  INFO       DELL   dip6_1d    6%/1d 1.5%/30m 6/3   24   12/11/1   52.2   40.0    251.76
2026-09-19 20:09:49  INFO       MRVL   dip10_3d   10%/3d 2.5%/60m 10/5   17     8/9/0   47.1   37.3    248.00
2026-09-19 20:09:49  INFO       DELL   dip8_2d    8%/2d 2.0%/60m 8/4   14     7/6/1   53.8   38.3    231.86
2026-09-19 20:09:49  INFO       AMD    dip8_3d    8%/3d 2.5%/90m 8/4   13     6/6/1   50.0   38.3    203.35
2026-09-19 20:09:49  INFO       HPE    dip6_1d    6%/1d 1.5%/30m 6/3   16     5/6/5   45.5   40.0    192.30
2026-09-19 20:09:49  INFO       MRVL   dip8_3d    8%/3d 2.5%/90m 8/4   22   10/12/0   45.5   38.3    188.00
2026-09-19 20:09:49  INFO       DELL   dip5_2d    5%/2d 1.5%/45m 6/4   27   13/13/1   50.0   43.2    161.52
2026-09-19 20:09:49  INFO     
2026-09-19 20:09:49  INFO     Best among n>=5
2026-09-19 20:09:49  INFO       stock  combo             dip        wait      exit    n     W/L/T   res%    be%      net$
2026-09-19 20:09:49  INFO       DELL   dip6_2d    6%/2d 2.0%/60m 7/4   22    13/8/1   61.9   39.0    493.86
2026-09-19 20:09:49  INFO       DELL   dip10_3d   10%/3d 2.5%/60m 10/5    8     5/2/1   71.4   37.3    418.11
2026-09-19 20:09:49  INFO       DELL   dip8_3d    8%/3d 2.5%/90m 8/4   17     9/7/1   56.2   38.3    367.43
2026-09-19 20:09:49  INFO       DELL   dip7_2d    7%/2d 2.0%/45m 7/4   20    11/8/1   57.9   41.8    328.52
2026-09-19 20:09:49  INFO       HPE    dip10_3d   10%/3d 2.5%/60m 10/5    8     3/2/3   60.0   37.3    293.13
2026-09-19 20:09:49  INFO       HPE    dip5_2d    5%/2d 1.5%/45m 6/4   22    12/8/2   60.0   43.2    281.85
2026-09-19 20:09:49  INFO       DELL   dip5_1d    5%/1d 1.5%/30m 6/3   31   15/15/1   50.0   40.0    269.76
2026-09-19 20:09:49  INFO       HPE    dip5_1d    5%/1d 1.5%/30m 6/3   21     7/8/6   46.7   40.0    252.30
2026-09-19 20:09:49  INFO       DELL   dip6_1d    6%/1d 1.5%/30m 6/3   24   12/11/1   52.2   40.0    251.76
2026-09-19 20:09:49  INFO       MRVL   dip10_3d   10%/3d 2.5%/60m 10/5   17     8/9/0   47.1   37.3    248.00
2026-09-19 20:09:49  INFO       DELL   dip8_2d    8%/2d 2.0%/60m 8/4   14     7/6/1   53.8   38.3    231.86
2026-09-19 20:09:49  INFO       AMD    dip8_3d    8%/3d 2.5%/90m 8/4   13     6/6/1   50.0   38.3    203.35
2026-09-19 20:09:49  INFO     
2026-09-19 20:09:49  INFO     Worst 8 by net
2026-09-19 20:09:49  INFO       stock  combo             dip        wait      exit    n     W/L/T   res%    be%      net$
2026-09-19 20:09:49  INFO       ARM    dip5_1d    5%/1d 1.5%/30m 6/3   40    9/27/4   25.0   40.0   -468.85
2026-09-19 20:09:49  INFO       SNDK   dip5_2d    5%/2d 1.5%/45m 6/4   49   16/32/1   33.3   43.2   -427.69
2026-09-19 20:09:49  INFO       INTC   dip4_1d    4%/1d 1.2%/30m 5/3   36    9/24/3   27.3   45.0   -426.68
2026-09-19 20:09:49  INFO       MU     dip5_1d    5%/1d 1.5%/30m 6/3   32    6/22/4   21.4   40.0   -412.27
2026-09-19 20:09:49  INFO       ARM    dip5_2d    5%/2d 1.5%/45m 6/4   35   11/24/0   31.4   43.2   -390.00
2026-09-19 20:09:49  INFO       MU     dip6_1d    6%/1d 1.5%/30m 6/3   29    5/20/4   20.0   40.0   -389.48
2026-09-19 20:09:49  INFO       SNDK   dip8_2d    8%/2d 2.0%/60m 8/4   35    9/24/2   27.3   38.3   -382.20
2026-09-19 20:09:49  INFO       SNDK   dip4_2d    4%/2d 1.2%/45m 5/3   55   20/35/0   36.4   45.0   -380.00
2026-09-19 20:09:49  INFO     Best AMD: dip8_3d  n=13  net=$203.35  res=50.0%
2026-09-19 20:09:49  INFO     Best ARM: dip8_3d  n=24  net=$-75.47  res=34.8%
2026-09-19 20:09:49  INFO     Best AVGO: dip4_1d  n=13  net=$146.11  res=62.5%
2026-09-19 20:09:49  INFO     Best DELL: dip6_2d  n=22  net=$493.86  res=61.9%
2026-09-19 20:09:49  INFO     Best HPE: dip10_3d  n=8  net=$293.13  res=60.0%
2026-09-19 20:09:49  INFO     Best IBM: dip5_2d  n=7  net=$31.09  res=50.0%
2026-09-19 20:09:49  INFO     Best INTC: dip8_2d  n=20  net=$18.41  res=36.8%
2026-09-19 20:09:49  INFO     Best MRVL: dip10_3d  n=17  net=$248.00  res=47.1%
2026-09-19 20:09:49  INFO     Best MU: dip10_3d  n=17  net=$45.39  res=37.5%
2026-09-19 20:09:49  INFO     Best ORCL: dip10_3d  n=7  net=$-99.93  res=20.0%
2026-09-19 20:09:49  INFO     Best QCOM: dip10_3d  n=6  net=$16.33  res=40.0%
2026-09-19 20:09:49  INFO     Best SNDK: dip10_3d  n=26  net=$-155.29  res=32.0%
2026-09-19 20:09:49  INFO     Best TXN: dip8_2d  n=2  net=$89.40  res=100.0%
2026-09-19 20:09:49  INFO     Wrote D:\jev-trading\data\stocks\buy_the_dip\results.csv
2026-09-19 20:09:49  INFO     Finished in 30.8s
