2026-09-19 19:28:40  INFO     Log (this run) D:\jev-trading\data\buy_the_dip\buy_the_dip_20260919_192840.log
2026-09-19 19:28:40  INFO     Log (latest)   D:\jev-trading\data\buy_the_dip\scan.log
2026-09-19 19:28:40  INFO     Buy-the-dip scan. No Jev. $1000 clip, 0.20% round-trip fee.
2026-09-19 19:28:40  INFO     Window 30 days  1787234280000 → 1789826280000
2026-09-19 19:28:40  INFO     Coins 5: SOLUSDT, ETHUSDT, ARBUSDT, NEARUSDT, WIFUSDT
2026-09-19 19:28:40  INFO     Combos 10
2026-09-19 19:28:40  INFO       sharp_quick    dip 1.20% in 15m, stable <=0.25% for 10m, TP 1.20 SL 0.70, timeout 8h
2026-09-19 19:28:40  INFO       sharp_base     dip 1.50% in 30m, stable <=0.30% for 15m, TP 1.50 SL 0.80, timeout 8h
2026-09-19 19:28:40  INFO       mid_fast       dip 2.00% in 30m, stable <=0.30% for 15m, TP 2.00 SL 1.00, timeout 8h
2026-09-19 19:28:40  INFO       mid_base       dip 2.00% in 60m, stable <=0.40% for 30m, TP 2.00 SL 1.00, timeout 8h
2026-09-19 19:28:40  INFO       mid_longbase   dip 2.00% in 60m, stable <=0.30% for 45m, TP 2.00 SL 1.00, timeout 8h
2026-09-19 19:28:40  INFO       hard_hour      dip 3.00% in 60m, stable <=0.40% for 20m, TP 2.50 SL 1.20, timeout 8h
2026-09-19 19:28:40  INFO       hard_2h        dip 3.00% in 120m, stable <=0.50% for 30m, TP 3.00 SL 1.50, timeout 8h
2026-09-19 19:28:40  INFO       wide_slow      dip 4.00% in 180m, stable <=0.60% for 45m, TP 3.00 SL 1.50, timeout 8h
2026-09-19 19:28:40  INFO       chop_tight     dip 1.50% in 45m, stable <=0.20% for 20m, TP 1.50 SL 1.00, timeout 8h
2026-09-19 19:28:40  INFO       asymmetric     dip 2.50% in 45m, stable <=0.35% for 20m, TP 2.50 SL 1.00, timeout 8h
2026-09-19 19:28:40  INFO     ----------  [1/5] SOLUSDT  ----------
2026-09-19 19:28:40  INFO     SOLUSDT: downloading 1m prices from Binance (this is the slow part)
2026-09-19 19:28:41  INFO     SOLUSDT: downloaded 1,000 candles so far...
2026-09-19 19:28:41  INFO     SOLUSDT: downloaded 2,000 candles so far...
2026-09-19 19:28:41  INFO     SOLUSDT: downloaded 3,000 candles so far...
2026-09-19 19:28:41  INFO     SOLUSDT: downloaded 4,000 candles so far...
2026-09-19 19:28:41  INFO     SOLUSDT: downloaded 5,000 candles so far...
2026-09-19 19:28:41  INFO     SOLUSDT: downloaded 6,000 candles so far...
2026-09-19 19:28:41  INFO     SOLUSDT: downloaded 7,000 candles so far...
2026-09-19 19:28:42  INFO     SOLUSDT: downloaded 8,000 candles so far...
2026-09-19 19:28:42  INFO     SOLUSDT: downloaded 9,000 candles so far...
2026-09-19 19:28:42  INFO     SOLUSDT: downloaded 10,000 candles so far...
2026-09-19 19:28:42  INFO     SOLUSDT: downloaded 11,000 candles so far...
2026-09-19 19:28:43  INFO     SOLUSDT: downloaded 12,000 candles so far...
2026-09-19 19:28:43  INFO     SOLUSDT: downloaded 13,000 candles so far...
2026-09-19 19:28:43  INFO     SOLUSDT: downloaded 14,000 candles so far...
2026-09-19 19:28:43  INFO     SOLUSDT: downloaded 15,000 candles so far...
2026-09-19 19:28:43  INFO     SOLUSDT: downloaded 16,000 candles so far...
2026-09-19 19:28:43  INFO     SOLUSDT: downloaded 17,000 candles so far...
2026-09-19 19:28:44  INFO     SOLUSDT: downloaded 18,000 candles so far...
2026-09-19 19:28:44  INFO     SOLUSDT: downloaded 19,000 candles so far...
2026-09-19 19:28:44  INFO     SOLUSDT: downloaded 20,000 candles so far...
2026-09-19 19:28:44  INFO     SOLUSDT: downloaded 21,000 candles so far...
2026-09-19 19:28:45  INFO     SOLUSDT: downloaded 22,000 candles so far...
2026-09-19 19:28:45  INFO     SOLUSDT: downloaded 23,000 candles so far...
2026-09-19 19:28:45  INFO     SOLUSDT: downloaded 24,000 candles so far...
2026-09-19 19:28:45  INFO     SOLUSDT: downloaded 25,000 candles so far...
2026-09-19 19:28:46  INFO     SOLUSDT: downloaded 26,000 candles so far...
2026-09-19 19:28:46  INFO     SOLUSDT: downloaded 27,000 candles so far...
2026-09-19 19:28:46  INFO     SOLUSDT: downloaded 28,000 candles so far...
2026-09-19 19:28:47  INFO     SOLUSDT: downloaded 29,000 candles so far...
2026-09-19 19:28:47  INFO     SOLUSDT: downloaded 30,000 candles so far...
2026-09-19 19:28:47  INFO     SOLUSDT: downloaded 31,000 candles so far...
2026-09-19 19:28:47  INFO     SOLUSDT: downloaded 32,000 candles so far...
2026-09-19 19:28:47  INFO     SOLUSDT: downloaded 33,000 candles so far...
2026-09-19 19:28:47  INFO     SOLUSDT: downloaded 34,000 candles so far...
2026-09-19 19:28:48  INFO     SOLUSDT: downloaded 35,000 candles so far...
2026-09-19 19:28:48  INFO     SOLUSDT: downloaded 36,000 candles so far...
2026-09-19 19:28:48  INFO     SOLUSDT: downloaded 37,000 candles so far...
2026-09-19 19:28:48  INFO     SOLUSDT: downloaded 38,000 candles so far...
2026-09-19 19:28:49  INFO     SOLUSDT: downloaded 39,000 candles so far...
2026-09-19 19:28:49  INFO     SOLUSDT: downloaded 40,000 candles so far...
2026-09-19 19:28:49  INFO     SOLUSDT: downloaded 41,000 candles so far...
2026-09-19 19:28:50  INFO     SOLUSDT: downloaded 42,000 candles so far...
2026-09-19 19:28:50  INFO     SOLUSDT: downloaded 43,000 candles so far...
2026-09-19 19:28:50  INFO     SOLUSDT: saved 43,201 candles to cache
2026-09-19 19:28:50  INFO     SOLUSDT: 43,201 1-minute bars
2026-09-19 19:28:51  INFO     SOLUSDT  sharp_quick  dip 1.20%/15m  stable 0.25%/10m  TP/SL 1.20/0.70  cand=0 n=0 W/L/T=0/0/0  res=n/a  be=47.4  net=$0.00
2026-09-19 19:28:51  INFO     SOLUSDT  sharp_base  dip 1.50%/30m  stable 0.30%/15m  TP/SL 1.50/0.80  cand=0 n=0 W/L/T=0/0/0  res=n/a  be=43.5  net=$0.00
2026-09-19 19:28:52  INFO     SOLUSDT  mid_fast  dip 2.00%/30m  stable 0.30%/15m  TP/SL 2.00/1.00  cand=0 n=0 W/L/T=0/0/0  res=n/a  be=40.0  net=$0.00
2026-09-19 19:28:54  INFO     SOLUSDT  mid_base  dip 2.00%/60m  stable 0.40%/30m  TP/SL 2.00/1.00  cand=0 n=0 W/L/T=0/0/0  res=n/a  be=40.0  net=$0.00
2026-09-19 19:28:55  INFO     SOLUSDT  mid_longbase  dip 2.00%/60m  stable 0.30%/45m  TP/SL 2.00/1.00  cand=0 n=0 W/L/T=0/0/0  res=n/a  be=40.0  net=$0.00
2026-09-19 19:28:56  INFO     SOLUSDT  hard_hour  dip 3.00%/60m  stable 0.40%/20m  TP/SL 2.50/1.20  cand=0 n=0 W/L/T=0/0/0  res=n/a  be=37.8  net=$0.00
2026-09-19 19:28:58  INFO     SOLUSDT  hard_2h  dip 3.00%/120m  stable 0.50%/30m  TP/SL 3.00/1.50  cand=0 n=0 W/L/T=0/0/0  res=n/a  be=37.8  net=$0.00
2026-09-19 19:29:01  INFO     SOLUSDT  wide_slow  dip 4.00%/180m  stable 0.60%/45m  TP/SL 3.00/1.50  cand=0 n=0 W/L/T=0/0/0  res=n/a  be=37.8  net=$0.00
2026-09-19 19:29:02  INFO     SOLUSDT  chop_tight  dip 1.50%/45m  stable 0.20%/20m  TP/SL 1.50/1.00  cand=0 n=0 W/L/T=0/0/0  res=n/a  be=48.0  net=$0.00
2026-09-19 19:29:03  INFO     SOLUSDT  asymmetric  dip 2.50%/45m  stable 0.35%/20m  TP/SL 2.50/1.00  cand=0 n=0 W/L/T=0/0/0  res=n/a  be=34.3  net=$0.00
2026-09-19 19:29:03  INFO     ----------  [2/5] ETHUSDT  ----------
2026-09-19 19:29:03  INFO     ETHUSDT: downloading 1m prices from Binance (this is the slow part)
2026-09-19 19:29:03  INFO     ETHUSDT: downloaded 1,000 candles so far...
2026-09-19 19:29:03  INFO     ETHUSDT: downloaded 2,000 candles so far...
2026-09-19 19:29:03  INFO     ETHUSDT: downloaded 3,000 candles so far...
2026-09-19 19:29:04  INFO     ETHUSDT: downloaded 4,000 candles so far...
2026-09-19 19:29:04  INFO     ETHUSDT: downloaded 5,000 candles so far...
2026-09-19 19:29:04  INFO     ETHUSDT: downloaded 6,000 candles so far...
2026-09-19 19:29:04  INFO     ETHUSDT: downloaded 7,000 candles so far...
2026-09-19 19:29:04  INFO     ETHUSDT: downloaded 8,000 candles so far...
2026-09-19 19:29:05  INFO     ETHUSDT: downloaded 9,000 candles so far...
2026-09-19 19:29:05  INFO     ETHUSDT: downloaded 10,000 candles so far...
2026-09-19 19:29:05  INFO     ETHUSDT: downloaded 11,000 candles so far...
2026-09-19 19:29:05  INFO     ETHUSDT: downloaded 12,000 candles so far...
2026-09-19 19:29:05  INFO     ETHUSDT: downloaded 13,000 candles so far...
2026-09-19 19:29:06  INFO     ETHUSDT: downloaded 14,000 candles so far...
2026-09-19 19:29:06  INFO     ETHUSDT: downloaded 15,000 candles so far...
2026-09-19 19:29:06  INFO     ETHUSDT: downloaded 16,000 candles so far...
2026-09-19 19:29:06  INFO     ETHUSDT: downloaded 17,000 candles so far...
2026-09-19 19:29:07  INFO     ETHUSDT: downloaded 18,000 candles so far...
2026-09-19 19:29:07  INFO     ETHUSDT: downloaded 19,000 candles so far...
2026-09-19 19:29:07  INFO     ETHUSDT: downloaded 20,000 candles so far...
2026-09-19 19:29:07  INFO     ETHUSDT: downloaded 21,000 candles so far...
2026-09-19 19:29:07  INFO     ETHUSDT: downloaded 22,000 candles so far...
2026-09-19 19:29:08  INFO     ETHUSDT: downloaded 23,000 candles so far...
2026-09-19 19:29:08  INFO     ETHUSDT: downloaded 24,000 candles so far...
2026-09-19 19:29:08  INFO     ETHUSDT: downloaded 25,000 candles so far...
2026-09-19 19:29:09  INFO     ETHUSDT: downloaded 26,000 candles so far...
2026-09-19 19:29:09  INFO     ETHUSDT: downloaded 27,000 candles so far...
2026-09-19 19:29:09  INFO     ETHUSDT: downloaded 28,000 candles so far...
2026-09-19 19:29:09  INFO     ETHUSDT: downloaded 29,000 candles so far...
2026-09-19 19:29:10  INFO     ETHUSDT: downloaded 30,000 candles so far...
2026-09-19 19:29:10  INFO     ETHUSDT: downloaded 31,000 candles so far...
2026-09-19 19:29:10  INFO     ETHUSDT: downloaded 32,000 candles so far...
2026-09-19 19:29:11  INFO     ETHUSDT: downloaded 33,000 candles so far...
2026-09-19 19:29:11  INFO     ETHUSDT: downloaded 34,000 candles so far...
2026-09-19 19:29:11  INFO     ETHUSDT: downloaded 35,000 candles so far...
2026-09-19 19:29:11  INFO     ETHUSDT: downloaded 36,000 candles so far...
2026-09-19 19:29:12  INFO     ETHUSDT: downloaded 37,000 candles so far...
2026-09-19 19:29:12  INFO     ETHUSDT: downloaded 38,000 candles so far...
2026-09-19 19:29:12  INFO     ETHUSDT: downloaded 39,000 candles so far...
2026-09-19 19:29:12  INFO     ETHUSDT: downloaded 40,000 candles so far...
2026-09-19 19:29:13  INFO     ETHUSDT: downloaded 41,000 candles so far...
2026-09-19 19:29:13  INFO     ETHUSDT: downloaded 42,000 candles so far...
2026-09-19 19:29:13  INFO     ETHUSDT: downloaded 43,000 candles so far...
2026-09-19 19:29:14  INFO     ETHUSDT: saved 43,201 candles to cache
2026-09-19 19:29:14  INFO     ETHUSDT: 43,201 1-minute bars
2026-09-19 19:29:14  INFO     ETHUSDT  sharp_quick  dip 1.20%/15m  stable 0.25%/10m  TP/SL 1.20/0.70  cand=0 n=0 W/L/T=0/0/0  res=n/a  be=47.4  net=$0.00
2026-09-19 19:29:15  INFO     ETHUSDT  sharp_base  dip 1.50%/30m  stable 0.30%/15m  TP/SL 1.50/0.80  cand=0 n=0 W/L/T=0/0/0  res=n/a  be=43.5  net=$0.00
2026-09-19 19:29:16  INFO     ETHUSDT  mid_fast  dip 2.00%/30m  stable 0.30%/15m  TP/SL 2.00/1.00  cand=0 n=0 W/L/T=0/0/0  res=n/a  be=40.0  net=$0.00
2026-09-19 19:29:17  INFO     ETHUSDT  mid_base  dip 2.00%/60m  stable 0.40%/30m  TP/SL 2.00/1.00  cand=1 n=1 W/L/T=0/0/1  res=n/a  be=40.0  net=$-1.43
2026-09-19 19:29:18  INFO     ETHUSDT  mid_longbase  dip 2.00%/60m  stable 0.30%/45m  TP/SL 2.00/1.00  cand=0 n=0 W/L/T=0/0/0  res=n/a  be=40.0  net=$0.00
2026-09-19 19:29:20  INFO     ETHUSDT  hard_hour  dip 3.00%/60m  stable 0.40%/20m  TP/SL 2.50/1.20  cand=1 n=1 W/L/T=0/0/1  res=n/a  be=37.8  net=$1.17
2026-09-19 19:29:22  INFO     ETHUSDT  hard_2h  dip 3.00%/120m  stable 0.50%/30m  TP/SL 3.00/1.50  cand=2 n=2 W/L/T=0/0/2  res=n/a  be=37.8  net=$-3.99
2026-09-19 19:29:26  INFO     ETHUSDT  wide_slow  dip 4.00%/180m  stable 0.60%/45m  TP/SL 3.00/1.50  cand=1 n=1 W/L/T=0/1/0  res=0.0  be=37.8  net=$-17.00
2026-09-19 19:29:27  INFO     ETHUSDT  chop_tight  dip 1.50%/45m  stable 0.20%/20m  TP/SL 1.50/1.00  cand=0 n=0 W/L/T=0/0/0  res=n/a  be=48.0  net=$0.00
2026-09-19 19:29:28  INFO     ETHUSDT  asymmetric  dip 2.50%/45m  stable 0.35%/20m  TP/SL 2.50/1.00  cand=0 n=0 W/L/T=0/0/0  res=n/a  be=34.3  net=$0.00
2026-09-19 19:29:28  INFO     ----------  [3/5] ARBUSDT  ----------
2026-09-19 19:29:28  INFO     ARBUSDT: downloading 1m prices from Binance (this is the slow part)
2026-09-19 19:29:28  INFO     ARBUSDT: downloaded 1,000 candles so far...
2026-09-19 19:29:28  INFO     ARBUSDT: downloaded 2,000 candles so far...
2026-09-19 19:29:28  INFO     ARBUSDT: downloaded 3,000 candles so far...
2026-09-19 19:29:29  INFO     ARBUSDT: downloaded 4,000 candles so far...
2026-09-19 19:29:29  INFO     ARBUSDT: downloaded 5,000 candles so far...
2026-09-19 19:29:29  INFO     ARBUSDT: downloaded 6,000 candles so far...
2026-09-19 19:29:29  INFO     ARBUSDT: downloaded 7,000 candles so far...
2026-09-19 19:29:29  INFO     ARBUSDT: downloaded 8,000 candles so far...
2026-09-19 19:29:30  INFO     ARBUSDT: downloaded 9,000 candles so far...
2026-09-19 19:29:30  INFO     ARBUSDT: downloaded 10,000 candles so far...
2026-09-19 19:29:30  INFO     ARBUSDT: downloaded 11,000 candles so far...
2026-09-19 19:29:30  INFO     ARBUSDT: downloaded 12,000 candles so far...
2026-09-19 19:29:30  INFO     ARBUSDT: downloaded 13,000 candles so far...
2026-09-19 19:29:30  INFO     ARBUSDT: downloaded 14,000 candles so far...
2026-09-19 19:29:30  INFO     ARBUSDT: downloaded 15,000 candles so far...
2026-09-19 19:29:31  INFO     ARBUSDT: downloaded 16,000 candles so far...
2026-09-19 19:29:31  INFO     ARBUSDT: downloaded 17,000 candles so far...
2026-09-19 19:29:31  INFO     ARBUSDT: downloaded 18,000 candles so far...
2026-09-19 19:29:31  INFO     ARBUSDT: downloaded 19,000 candles so far...
2026-09-19 19:29:32  INFO     ARBUSDT: downloaded 20,000 candles so far...
2026-09-19 19:29:32  INFO     ARBUSDT: downloaded 21,000 candles so far...
2026-09-19 19:29:32  INFO     ARBUSDT: downloaded 22,000 candles so far...
2026-09-19 19:29:32  INFO     ARBUSDT: downloaded 23,000 candles so far...
2026-09-19 19:29:32  INFO     ARBUSDT: downloaded 24,000 candles so far...
2026-09-19 19:29:32  INFO     ARBUSDT: downloaded 25,000 candles so far...
2026-09-19 19:29:33  INFO     ARBUSDT: downloaded 26,000 candles so far...
2026-09-19 19:29:33  INFO     ARBUSDT: downloaded 27,000 candles so far...
2026-09-19 19:29:33  INFO     ARBUSDT: downloaded 28,000 candles so far...
2026-09-19 19:29:33  INFO     ARBUSDT: downloaded 29,000 candles so far...
2026-09-19 19:29:33  INFO     ARBUSDT: downloaded 30,000 candles so far...
2026-09-19 19:29:34  INFO     ARBUSDT: downloaded 31,000 candles so far...
2026-09-19 19:29:34  INFO     ARBUSDT: downloaded 32,000 candles so far...
2026-09-19 19:29:34  INFO     ARBUSDT: downloaded 33,000 candles so far...
2026-09-19 19:29:34  INFO     ARBUSDT: downloaded 34,000 candles so far...
2026-09-19 19:29:35  INFO     ARBUSDT: downloaded 35,000 candles so far...
2026-09-19 19:29:35  INFO     ARBUSDT: downloaded 36,000 candles so far...
2026-09-19 19:29:35  INFO     ARBUSDT: downloaded 37,000 candles so far...
2026-09-19 19:29:35  INFO     ARBUSDT: downloaded 38,000 candles so far...
2026-09-19 19:29:35  INFO     ARBUSDT: downloaded 39,000 candles so far...
2026-09-19 19:29:36  INFO     ARBUSDT: downloaded 40,000 candles so far...
2026-09-19 19:29:36  INFO     ARBUSDT: downloaded 41,000 candles so far...
2026-09-19 19:29:36  INFO     ARBUSDT: downloaded 42,000 candles so far...
2026-09-19 19:29:36  INFO     ARBUSDT: downloaded 43,000 candles so far...
2026-09-19 19:29:37  INFO     ARBUSDT: saved 43,201 candles to cache
2026-09-19 19:29:37  INFO     ARBUSDT: 43,201 1-minute bars
2026-09-19 19:29:37  INFO     ARBUSDT  sharp_quick  dip 1.20%/15m  stable 0.25%/10m  TP/SL 1.20/0.70  cand=0 n=0 W/L/T=0/0/0  res=n/a  be=47.4  net=$0.00
2026-09-19 19:29:38  INFO     ARBUSDT  sharp_base  dip 1.50%/30m  stable 0.30%/15m  TP/SL 1.50/0.80  cand=0 n=0 W/L/T=0/0/0  res=n/a  be=43.5  net=$0.00
2026-09-19 19:29:38  INFO     ARBUSDT  mid_fast  dip 2.00%/30m  stable 0.30%/15m  TP/SL 2.00/1.00  cand=0 n=0 W/L/T=0/0/0  res=n/a  be=40.0  net=$0.00
2026-09-19 19:29:40  INFO     ARBUSDT  mid_base  dip 2.00%/60m  stable 0.40%/30m  TP/SL 2.00/1.00  cand=1 n=1 W/L/T=0/1/0  res=0.0  be=40.0  net=$-12.00
2026-09-19 19:29:41  INFO     ARBUSDT  mid_longbase  dip 2.00%/60m  stable 0.30%/45m  TP/SL 2.00/1.00  cand=0 n=0 W/L/T=0/0/0  res=n/a  be=40.0  net=$0.00
2026-09-19 19:29:42  INFO     ARBUSDT  hard_hour  dip 3.00%/60m  stable 0.40%/20m  TP/SL 2.50/1.20  cand=1 n=1 W/L/T=1/0/0  res=100.0  be=37.8  net=$23.00
2026-09-19 19:29:45  INFO     ARBUSDT  hard_2h  dip 3.00%/120m  stable 0.50%/30m  TP/SL 3.00/1.50  cand=4 n=4 W/L/T=1/3/0  res=25.0  be=37.8  net=$-23.00
2026-09-19 19:29:48  INFO     ARBUSDT  wide_slow  dip 4.00%/180m  stable 0.60%/45m  TP/SL 3.00/1.50  cand=1 n=1 W/L/T=0/0/1  res=n/a  be=37.8  net=$-0.89
2026-09-19 19:29:49  INFO     ARBUSDT  chop_tight  dip 1.50%/45m  stable 0.20%/20m  TP/SL 1.50/1.00  cand=0 n=0 W/L/T=0/0/0  res=n/a  be=48.0  net=$0.00
2026-09-19 19:29:50  INFO     ARBUSDT  asymmetric  dip 2.50%/45m  stable 0.35%/20m  TP/SL 2.50/1.00  cand=0 n=0 W/L/T=0/0/0  res=n/a  be=34.3  net=$0.00
2026-09-19 19:29:50  INFO     ----------  [4/5] NEARUSDT  ----------
2026-09-19 19:29:50  INFO     NEARUSDT: downloading 1m prices from Binance (this is the slow part)
2026-09-19 19:29:50  INFO     NEARUSDT: downloaded 1,000 candles so far...
2026-09-19 19:29:50  INFO     NEARUSDT: downloaded 2,000 candles so far...
2026-09-19 19:29:51  INFO     NEARUSDT: downloaded 3,000 candles so far...
2026-09-19 19:29:51  INFO     NEARUSDT: downloaded 4,000 candles so far...
2026-09-19 19:29:51  INFO     NEARUSDT: downloaded 5,000 candles so far...
2026-09-19 19:29:51  INFO     NEARUSDT: downloaded 6,000 candles so far...
2026-09-19 19:29:51  INFO     NEARUSDT: downloaded 7,000 candles so far...
2026-09-19 19:29:52  INFO     NEARUSDT: downloaded 8,000 candles so far...
2026-09-19 19:29:52  INFO     NEARUSDT: downloaded 9,000 candles so far...
2026-09-19 19:29:52  INFO     NEARUSDT: downloaded 10,000 candles so far...
2026-09-19 19:29:52  INFO     NEARUSDT: downloaded 11,000 candles so far...
2026-09-19 19:29:52  INFO     NEARUSDT: downloaded 12,000 candles so far...
2026-09-19 19:29:53  INFO     NEARUSDT: downloaded 13,000 candles so far...
2026-09-19 19:29:53  INFO     NEARUSDT: downloaded 14,000 candles so far...
2026-09-19 19:29:53  INFO     NEARUSDT: downloaded 15,000 candles so far...
2026-09-19 19:29:54  INFO     NEARUSDT: downloaded 16,000 candles so far...
2026-09-19 19:29:54  INFO     NEARUSDT: downloaded 17,000 candles so far...
2026-09-19 19:29:54  INFO     NEARUSDT: downloaded 18,000 candles so far...
2026-09-19 19:29:54  INFO     NEARUSDT: downloaded 19,000 candles so far...
2026-09-19 19:29:54  INFO     NEARUSDT: downloaded 20,000 candles so far...
2026-09-19 19:29:55  INFO     NEARUSDT: downloaded 21,000 candles so far...
2026-09-19 19:29:55  INFO     NEARUSDT: downloaded 22,000 candles so far...
2026-09-19 19:29:55  INFO     NEARUSDT: downloaded 23,000 candles so far...
2026-09-19 19:29:55  INFO     NEARUSDT: downloaded 24,000 candles so far...
2026-09-19 19:29:56  INFO     NEARUSDT: downloaded 25,000 candles so far...
2026-09-19 19:29:56  INFO     NEARUSDT: downloaded 26,000 candles so far...
2026-09-19 19:29:56  INFO     NEARUSDT: downloaded 27,000 candles so far...
2026-09-19 19:29:56  INFO     NEARUSDT: downloaded 28,000 candles so far...
2026-09-19 19:29:56  INFO     NEARUSDT: downloaded 29,000 candles so far...
2026-09-19 19:29:56  INFO     NEARUSDT: downloaded 30,000 candles so far...
2026-09-19 19:29:57  INFO     NEARUSDT: downloaded 31,000 candles so far...
2026-09-19 19:29:57  INFO     NEARUSDT: downloaded 32,000 candles so far...
2026-09-19 19:29:57  INFO     NEARUSDT: downloaded 33,000 candles so far...
2026-09-19 19:29:57  INFO     NEARUSDT: downloaded 34,000 candles so far...
2026-09-19 19:29:58  INFO     NEARUSDT: downloaded 35,000 candles so far...
2026-09-19 19:29:58  INFO     NEARUSDT: downloaded 36,000 candles so far...
2026-09-19 19:29:58  INFO     NEARUSDT: downloaded 37,000 candles so far...
2026-09-19 19:29:58  INFO     NEARUSDT: downloaded 38,000 candles so far...
2026-09-19 19:29:58  INFO     NEARUSDT: downloaded 39,000 candles so far...
2026-09-19 19:29:58  INFO     NEARUSDT: downloaded 40,000 candles so far...
2026-09-19 19:29:59  INFO     NEARUSDT: downloaded 41,000 candles so far...
2026-09-19 19:29:59  INFO     NEARUSDT: downloaded 42,000 candles so far...
2026-09-19 19:29:59  INFO     NEARUSDT: downloaded 43,000 candles so far...
2026-09-19 19:29:59  INFO     NEARUSDT: saved 43,201 candles to cache
2026-09-19 19:29:59  INFO     NEARUSDT: 43,201 1-minute bars
2026-09-19 19:30:00  INFO     NEARUSDT  sharp_quick  dip 1.20%/15m  stable 0.25%/10m  TP/SL 1.20/0.70  cand=0 n=0 W/L/T=0/0/0  res=n/a  be=47.4  net=$0.00
2026-09-19 19:30:00  INFO     NEARUSDT  sharp_base  dip 1.50%/30m  stable 0.30%/15m  TP/SL 1.50/0.80  cand=1 n=1 W/L/T=0/1/0  res=0.0  be=43.5  net=$-10.00
2026-09-19 19:30:01  INFO     NEARUSDT  mid_fast  dip 2.00%/30m  stable 0.30%/15m  TP/SL 2.00/1.00  cand=0 n=0 W/L/T=0/0/0  res=n/a  be=40.0  net=$0.00
2026-09-19 19:30:02  INFO     NEARUSDT  mid_base  dip 2.00%/60m  stable 0.40%/30m  TP/SL 2.00/1.00  cand=0 n=0 W/L/T=0/0/0  res=n/a  be=40.0  net=$0.00
2026-09-19 19:30:03  INFO     NEARUSDT  mid_longbase  dip 2.00%/60m  stable 0.30%/45m  TP/SL 2.00/1.00  cand=0 n=0 W/L/T=0/0/0  res=n/a  be=40.0  net=$0.00
2026-09-19 19:30:04  INFO     NEARUSDT  hard_hour  dip 3.00%/60m  stable 0.40%/20m  TP/SL 2.50/1.20  cand=0 n=0 W/L/T=0/0/0  res=n/a  be=37.8  net=$0.00
2026-09-19 19:30:05  INFO     NEARUSDT  hard_2h  dip 3.00%/120m  stable 0.50%/30m  TP/SL 3.00/1.50  cand=2 n=2 W/L/T=0/1/1  res=0.0  be=37.8  net=$-19.55
2026-09-19 19:30:08  INFO     NEARUSDT  wide_slow  dip 4.00%/180m  stable 0.60%/45m  TP/SL 3.00/1.50  cand=0 n=0 W/L/T=0/0/0  res=n/a  be=37.8  net=$0.00
2026-09-19 19:30:09  INFO     NEARUSDT  chop_tight  dip 1.50%/45m  stable 0.20%/20m  TP/SL 1.50/1.00  cand=0 n=0 W/L/T=0/0/0  res=n/a  be=48.0  net=$0.00
2026-09-19 19:30:10  INFO     NEARUSDT  asymmetric  dip 2.50%/45m  stable 0.35%/20m  TP/SL 2.50/1.00  cand=0 n=0 W/L/T=0/0/0  res=n/a  be=34.3  net=$0.00
2026-09-19 19:30:10  INFO     ----------  [5/5] WIFUSDT  ----------
2026-09-19 19:30:10  INFO     WIFUSDT: downloading 1m prices from Binance (this is the slow part)
2026-09-19 19:30:10  INFO     WIFUSDT: downloaded 1,000 candles so far...
2026-09-19 19:30:10  INFO     WIFUSDT: downloaded 2,000 candles so far...
2026-09-19 19:30:11  INFO     WIFUSDT: downloaded 3,000 candles so far...
2026-09-19 19:30:11  INFO     WIFUSDT: downloaded 4,000 candles so far...
2026-09-19 19:30:11  INFO     WIFUSDT: downloaded 5,000 candles so far...
2026-09-19 19:30:11  INFO     WIFUSDT: downloaded 6,000 candles so far...
2026-09-19 19:30:11  INFO     WIFUSDT: downloaded 7,000 candles so far...
2026-09-19 19:30:12  INFO     WIFUSDT: downloaded 8,000 candles so far...
2026-09-19 19:30:12  INFO     WIFUSDT: downloaded 9,000 candles so far...
2026-09-19 19:30:12  INFO     WIFUSDT: downloaded 10,000 candles so far...
2026-09-19 19:30:12  INFO     WIFUSDT: downloaded 11,000 candles so far...
2026-09-19 19:30:12  INFO     WIFUSDT: downloaded 12,000 candles so far...
2026-09-19 19:30:12  INFO     WIFUSDT: downloaded 13,000 candles so far...
2026-09-19 19:30:13  INFO     WIFUSDT: downloaded 14,000 candles so far...
2026-09-19 19:30:13  INFO     WIFUSDT: downloaded 15,000 candles so far...
2026-09-19 19:30:13  INFO     WIFUSDT: downloaded 16,000 candles so far...
2026-09-19 19:30:13  INFO     WIFUSDT: downloaded 17,000 candles so far...
2026-09-19 19:30:13  INFO     WIFUSDT: downloaded 18,000 candles so far...
2026-09-19 19:30:13  INFO     WIFUSDT: downloaded 19,000 candles so far...
2026-09-19 19:30:14  INFO     WIFUSDT: downloaded 20,000 candles so far...
2026-09-19 19:30:14  INFO     WIFUSDT: downloaded 21,000 candles so far...
2026-09-19 19:30:14  INFO     WIFUSDT: downloaded 22,000 candles so far...
2026-09-19 19:30:14  INFO     WIFUSDT: downloaded 23,000 candles so far...
2026-09-19 19:30:14  INFO     WIFUSDT: downloaded 24,000 candles so far...
2026-09-19 19:30:14  INFO     WIFUSDT: downloaded 25,000 candles so far...
2026-09-19 19:30:15  INFO     WIFUSDT: downloaded 26,000 candles so far...
2026-09-19 19:30:15  INFO     WIFUSDT: downloaded 27,000 candles so far...
2026-09-19 19:30:15  INFO     WIFUSDT: downloaded 28,000 candles so far...
2026-09-19 19:30:16  INFO     WIFUSDT: downloaded 29,000 candles so far...
2026-09-19 19:30:16  INFO     WIFUSDT: downloaded 30,000 candles so far...
2026-09-19 19:30:16  INFO     WIFUSDT: downloaded 31,000 candles so far...
2026-09-19 19:30:16  INFO     WIFUSDT: downloaded 32,000 candles so far...
2026-09-19 19:30:16  INFO     WIFUSDT: downloaded 33,000 candles so far...
2026-09-19 19:30:16  INFO     WIFUSDT: downloaded 34,000 candles so far...
2026-09-19 19:30:17  INFO     WIFUSDT: downloaded 35,000 candles so far...
2026-09-19 19:30:17  INFO     WIFUSDT: downloaded 36,000 candles so far...
2026-09-19 19:30:17  INFO     WIFUSDT: downloaded 37,000 candles so far...
2026-09-19 19:30:17  INFO     WIFUSDT: downloaded 38,000 candles so far...
2026-09-19 19:30:17  INFO     WIFUSDT: downloaded 39,000 candles so far...
2026-09-19 19:30:17  INFO     WIFUSDT: downloaded 40,000 candles so far...
2026-09-19 19:30:18  INFO     WIFUSDT: downloaded 41,000 candles so far...
2026-09-19 19:30:18  INFO     WIFUSDT: downloaded 42,000 candles so far...
2026-09-19 19:30:18  INFO     WIFUSDT: downloaded 43,000 candles so far...
2026-09-19 19:30:18  INFO     WIFUSDT: saved 43,201 candles to cache
2026-09-19 19:30:18  INFO     WIFUSDT: 43,201 1-minute bars
2026-09-19 19:30:19  INFO     WIFUSDT  sharp_quick  dip 1.20%/15m  stable 0.25%/10m  TP/SL 1.20/0.70  cand=4 n=4 W/L/T=1/3/0  res=25.0  be=47.4  net=$-17.00
2026-09-19 19:30:19  INFO     WIFUSDT  sharp_base  dip 1.50%/30m  stable 0.30%/15m  TP/SL 1.50/0.80  cand=1 n=1 W/L/T=0/1/0  res=0.0  be=43.5  net=$-10.00
2026-09-19 19:30:20  INFO     WIFUSDT  mid_fast  dip 2.00%/30m  stable 0.30%/15m  TP/SL 2.00/1.00  cand=0 n=0 W/L/T=0/0/0  res=n/a  be=40.0  net=$0.00
2026-09-19 19:30:21  INFO     WIFUSDT  mid_base  dip 2.00%/60m  stable 0.40%/30m  TP/SL 2.00/1.00  cand=0 n=0 W/L/T=0/0/0  res=n/a  be=40.0  net=$0.00
2026-09-19 19:30:22  INFO     WIFUSDT  mid_longbase  dip 2.00%/60m  stable 0.30%/45m  TP/SL 2.00/1.00  cand=0 n=0 W/L/T=0/0/0  res=n/a  be=40.0  net=$0.00
2026-09-19 19:30:23  INFO     WIFUSDT  hard_hour  dip 3.00%/60m  stable 0.40%/20m  TP/SL 2.50/1.20  cand=1 n=1 W/L/T=0/1/0  res=0.0  be=37.8  net=$-14.00
2026-09-19 19:30:25  INFO     WIFUSDT  hard_2h  dip 3.00%/120m  stable 0.50%/30m  TP/SL 3.00/1.50  cand=3 n=3 W/L/T=0/3/0  res=0.0  be=37.8  net=$-51.00
2026-09-19 19:30:28  INFO     WIFUSDT  wide_slow  dip 4.00%/180m  stable 0.60%/45m  TP/SL 3.00/1.50  cand=1 n=1 W/L/T=0/0/1  res=n/a  be=37.8  net=$14.97
2026-09-19 19:30:29  INFO     WIFUSDT  chop_tight  dip 1.50%/45m  stable 0.20%/20m  TP/SL 1.50/1.00  cand=0 n=0 W/L/T=0/0/0  res=n/a  be=48.0  net=$0.00
2026-09-19 19:30:30  INFO     WIFUSDT  asymmetric  dip 2.50%/45m  stable 0.35%/20m  TP/SL 2.50/1.00  cand=0 n=0 W/L/T=0/0/0  res=n/a  be=34.3  net=$0.00
2026-09-19 19:30:30  INFO     
2026-09-19 19:30:30  INFO     Rows 50  with at least 5 trades 0  net>0 0  at/above breakeven 0
2026-09-19 19:30:30  INFO     
2026-09-19 19:30:30  INFO     Best 12 by net (any trade count)
2026-09-19 19:30:30  INFO       coin       combo                 dip       stable        exit    n     W/L/T   res%    be%      net$
2026-09-19 19:30:30  INFO       ARBUSDT    hard_hour      3.0%/60m 0.40%/20m 2.5/1.2    1     1/0/0  100.0   37.8     23.00
2026-09-19 19:30:30  INFO       WIFUSDT    wide_slow      4.0%/180m 0.60%/45m 3.0/1.5    1     0/0/1    n/a   37.8     14.97
2026-09-19 19:30:30  INFO       ETHUSDT    hard_hour      3.0%/60m 0.40%/20m 2.5/1.2    1     0/0/1    n/a   37.8      1.17
2026-09-19 19:30:30  INFO       SOLUSDT    sharp_quick    1.2%/15m 0.25%/10m 1.2/0.7    0     0/0/0    n/a   47.4      0.00
2026-09-19 19:30:30  INFO       SOLUSDT    sharp_base     1.5%/30m 0.30%/15m 1.5/0.8    0     0/0/0    n/a   43.5      0.00
2026-09-19 19:30:30  INFO       SOLUSDT    mid_fast       2.0%/30m 0.30%/15m 2.0/1.0    0     0/0/0    n/a   40.0      0.00
2026-09-19 19:30:30  INFO       SOLUSDT    mid_base       2.0%/60m 0.40%/30m 2.0/1.0    0     0/0/0    n/a   40.0      0.00
2026-09-19 19:30:30  INFO       SOLUSDT    mid_longbase   2.0%/60m 0.30%/45m 2.0/1.0    0     0/0/0    n/a   40.0      0.00
2026-09-19 19:30:30  INFO       SOLUSDT    hard_hour      3.0%/60m 0.40%/20m 2.5/1.2    0     0/0/0    n/a   37.8      0.00
2026-09-19 19:30:30  INFO       SOLUSDT    hard_2h        3.0%/120m 0.50%/30m 3.0/1.5    0     0/0/0    n/a   37.8      0.00
2026-09-19 19:30:30  INFO       SOLUSDT    wide_slow      4.0%/180m 0.60%/45m 3.0/1.5    0     0/0/0    n/a   37.8      0.00
2026-09-19 19:30:30  INFO       SOLUSDT    chop_tight     1.5%/45m 0.20%/20m 1.5/1.0    0     0/0/0    n/a   48.0      0.00
2026-09-19 19:30:30  INFO     
2026-09-19 19:30:30  INFO     Best among n>=5
2026-09-19 19:30:30  INFO       (none)
2026-09-19 19:30:30  INFO     
2026-09-19 19:30:30  INFO     Worst 8 by net
2026-09-19 19:30:30  INFO       coin       combo                 dip       stable        exit    n     W/L/T   res%    be%      net$
2026-09-19 19:30:30  INFO       WIFUSDT    hard_2h        3.0%/120m 0.50%/30m 3.0/1.5    3     0/3/0    0.0   37.8    -51.00
2026-09-19 19:30:30  INFO       ARBUSDT    hard_2h        3.0%/120m 0.50%/30m 3.0/1.5    4     1/3/0   25.0   37.8    -23.00
2026-09-19 19:30:30  INFO       NEARUSDT   hard_2h        3.0%/120m 0.50%/30m 3.0/1.5    2     0/1/1    0.0   37.8    -19.55
2026-09-19 19:30:30  INFO       ETHUSDT    wide_slow      4.0%/180m 0.60%/45m 3.0/1.5    1     0/1/0    0.0   37.8    -17.00
2026-09-19 19:30:30  INFO       WIFUSDT    sharp_quick    1.2%/15m 0.25%/10m 1.2/0.7    4     1/3/0   25.0   47.4    -17.00
2026-09-19 19:30:30  INFO       WIFUSDT    hard_hour      3.0%/60m 0.40%/20m 2.5/1.2    1     0/1/0    0.0   37.8    -14.00
2026-09-19 19:30:30  INFO       ARBUSDT    mid_base       2.0%/60m 0.40%/30m 2.0/1.0    1     0/1/0    0.0   40.0    -12.00
2026-09-19 19:30:30  INFO       NEARUSDT   sharp_base     1.5%/30m 0.30%/15m 1.5/0.8    1     0/1/0    0.0   43.5    -10.00
2026-09-19 19:30:30  INFO     Best ARBUSDT: hard_hour  n=1  net=$23.00  res=100.0%
2026-09-19 19:30:30  INFO     Best ETHUSDT: hard_hour  n=1  net=$1.17  res=n/a
2026-09-19 19:30:30  INFO     Best NEARUSDT: sharp_quick  n=0  net=$0.00  res=n/a
2026-09-19 19:30:30  INFO     Best SOLUSDT: sharp_quick  n=0  net=$0.00  res=n/a
2026-09-19 19:30:30  INFO     Best WIFUSDT: wide_slow  n=1  net=$14.97  res=n/a
2026-09-19 19:30:30  INFO     Wrote D:\jev-trading\data\buy_the_dip\results.csv
2026-09-19 19:30:30  INFO     Finished in 109.8s
