2026-09-19 15:13:27  INFO     Log (this run) /workspace/udit/Jev-Trading/data/grid/grid_20260919_151327.log
2026-09-19 15:13:27  INFO     Log (latest)   /workspace/udit/Jev-Trading/data/grid/scan.log
2026-09-19 15:13:27  INFO     Geometric long grid. Paper only. $1000 notional, 0.20% round-trip fee.
2026-09-19 15:13:27  INFO     Window 7 days  1789225980000 to 1789830780000
2026-09-19 15:13:27  INFO     Coins 1: SOLUSDT
2026-09-19 15:13:27  INFO     Combos 6
2026-09-19 15:13:27  INFO       grid_0.5pct_8lvl           step 0.50% × 8 levels
2026-09-19 15:13:27  INFO       grid_0.8pct_8lvl           step 0.80% × 8 levels
2026-09-19 15:13:27  INFO       grid_1.0pct_10lvl          step 1.00% × 10 levels
2026-09-19 15:13:27  INFO       grid_1.5pct_8lvl           step 1.50% × 8 levels
2026-09-19 15:13:27  INFO       grid_1.0pct_10lvl_stop8    step 1.00% × 10 levels, stop 8%
2026-09-19 15:13:27  INFO       grid_0.8pct_12lvl          step 0.80% × 12 levels
2026-09-19 15:13:27  INFO     ----------  [1/1] SOLUSDT  ----------
2026-09-19 15:13:27  INFO     SOLUSDT: reusing SOLUSDT_1m_1789171200000_1789775999999.json
2026-09-19 15:13:27  INFO     SOLUSDT: 10,080 1-minute bars
2026-09-19 15:13:27  INFO     SOLUSDT  grid_0.5pct_8lvl  step 0.50% x8  buys=53 sells=53 rt=53  fees=$13.28  real=$33.12  unrl=$0.00  net=$19.84  maxLots=8
2026-09-19 15:13:27  INFO     SOLUSDT  grid_0.8pct_8lvl  step 0.80% x8  buys=34 sells=34 rt=34  fees=$8.53  real=$34.00  unrl=$0.00  net=$25.47  maxLots=8
2026-09-19 15:13:27  INFO     SOLUSDT  grid_1.0pct_10lvl  step 1.00% x10  buys=23 sells=23 rt=23  fees=$4.62  real=$23.00  unrl=$0.00  net=$18.38  maxLots=6
2026-09-19 15:13:27  INFO     SOLUSDT  grid_1.5pct_8lvl  step 1.50% x8  buys=8 sells=8 rt=8  fees=$2.02  real=$15.00  unrl=$0.00  net=$12.98  maxLots=4
2026-09-19 15:13:27  INFO     SOLUSDT  grid_1.0pct_10lvl_stop8  step 1.00% x10 stop=8%  buys=23 sells=23 rt=23  fees=$4.62  real=$23.00  unrl=$0.00  net=$18.38  maxLots=6
2026-09-19 15:13:27  INFO     SOLUSDT  grid_0.8pct_12lvl  step 0.80% x12  buys=34 sells=34 rt=34  fees=$5.69  real=$22.67  unrl=$0.00  net=$16.98  maxLots=8
2026-09-19 15:13:27  INFO     
2026-09-19 15:13:27  INFO     Rows 6  with at least 5 round-trips 6  net>0 among those 6
2026-09-19 15:13:27  INFO     
2026-09-19 15:13:27  INFO     Best 12 by net_usd
2026-09-19 15:13:27  INFO       coin       combo                      step lvl    rt    fees$     real$     unrl$      net$
2026-09-19 15:13:27  INFO       SOLUSDT    grid_0.8pct_8lvl           0.80   8    34     8.53     34.00      0.00     25.47
2026-09-19 15:13:27  INFO       SOLUSDT    grid_0.5pct_8lvl           0.50   8    53    13.28     33.12      0.00     19.84
2026-09-19 15:13:27  INFO       SOLUSDT    grid_1.0pct_10lvl          1.00  10    23     4.62     23.00      0.00     18.38
2026-09-19 15:13:27  INFO       SOLUSDT    grid_1.0pct_10lvl_stop8    1.00  10    23     4.62     23.00      0.00     18.38
2026-09-19 15:13:27  INFO       SOLUSDT    grid_0.8pct_12lvl          0.80  12    34     5.69     22.67      0.00     16.98
2026-09-19 15:13:27  INFO       SOLUSDT    grid_1.5pct_8lvl           1.50   8     8     2.02     15.00      0.00     12.98
2026-09-19 15:13:27  INFO     
2026-09-19 15:13:27  INFO     Best among rt>=5
2026-09-19 15:13:27  INFO       coin       combo                      step lvl    rt    fees$     real$     unrl$      net$
2026-09-19 15:13:27  INFO       SOLUSDT    grid_0.8pct_8lvl           0.80   8    34     8.53     34.00      0.00     25.47
2026-09-19 15:13:27  INFO       SOLUSDT    grid_0.5pct_8lvl           0.50   8    53    13.28     33.12      0.00     19.84
2026-09-19 15:13:27  INFO       SOLUSDT    grid_1.0pct_10lvl          1.00  10    23     4.62     23.00      0.00     18.38
2026-09-19 15:13:27  INFO       SOLUSDT    grid_1.0pct_10lvl_stop8    1.00  10    23     4.62     23.00      0.00     18.38
2026-09-19 15:13:27  INFO       SOLUSDT    grid_0.8pct_12lvl          0.80  12    34     5.69     22.67      0.00     16.98
2026-09-19 15:13:27  INFO       SOLUSDT    grid_1.5pct_8lvl           1.50   8     8     2.02     15.00      0.00     12.98
2026-09-19 15:13:27  INFO     
2026-09-19 15:13:27  INFO     Worst 8 by net_usd
2026-09-19 15:13:27  INFO       coin       combo                      step lvl    rt    fees$     real$     unrl$      net$
2026-09-19 15:13:27  INFO       SOLUSDT    grid_1.5pct_8lvl           1.50   8     8     2.02     15.00      0.00     12.98
2026-09-19 15:13:27  INFO       SOLUSDT    grid_0.8pct_12lvl          0.80  12    34     5.69     22.67      0.00     16.98
2026-09-19 15:13:27  INFO       SOLUSDT    grid_1.0pct_10lvl          1.00  10    23     4.62     23.00      0.00     18.38
2026-09-19 15:13:27  INFO       SOLUSDT    grid_1.0pct_10lvl_stop8    1.00  10    23     4.62     23.00      0.00     18.38
2026-09-19 15:13:27  INFO       SOLUSDT    grid_0.5pct_8lvl           0.50   8    53    13.28     33.12      0.00     19.84
2026-09-19 15:13:27  INFO       SOLUSDT    grid_0.8pct_8lvl           0.80   8    34     8.53     34.00      0.00     25.47
2026-09-19 15:13:27  INFO     Best SOLUSDT: grid_0.8pct_8lvl  rt=34  net=$25.47
2026-09-19 15:13:27  INFO     Wrote /workspace/udit/Jev-Trading/data/grid/results.csv
2026-09-19 15:13:27  INFO     Finished in 0.2s
